Component: ARM Compiler 5.06 update 5 (build 528) Tool: armlink [4d35e2]

==============================================================================

Section Cross References

    main.o(i.TIM4_IRQHandler) refers to stm32f10x_tim.o(i.TIM_GetITStatus) for TIM_GetITStatus
    main.o(i.TIM4_IRQHandler) refers to stm32f10x_tim.o(i.TIM_ClearITPendingBit) for TIM_ClearITPendingBit
    main.o(i.TIM4_IRQHandler) refers to main.o(.data) for count
    main.o(i.USART1_IRQHandler) refers to stm32f10x_usart.o(i.USART_SendData) for USART_SendData
    main.o(i.USART1_IRQHandler) refers to main.o(.data) for data
    main.o(i.led_init) refers to stm32f10x_rcc.o(i.RCC_APB2PeriphClockCmd) for RCC_APB2PeriphClockCmd
    main.o(i.led_init) refers to stm32f10x_gpio.o(i.GPIO_Init) for GPIO_Init
    main.o(i.led_task) refers to tasks.o(i.vTaskDelay) for vTaskDelay
    main.o(i.main) refers to _printf_percent.o(.ARM.Collect$$_printf_percent$$00000000) for _printf_percent
    main.o(i.main) refers to _printf_d.o(.ARM.Collect$$_printf_percent$$00000009) for _printf_d
    main.o(i.main) refers to _printf_f.o(.ARM.Collect$$_printf_percent$$00000003) for _printf_f
    main.o(i.main) refers to _printf_dec.o(.text) for _printf_int_dec
    main.o(i.main) refers to printf1.o(x$fpl$printf1) for _printf_fp_dec
    main.o(i.main) refers to delay.o(i.delay_init) for delay_init
    main.o(i.main) refers to main.o(i.led_init) for led_init
    main.o(i.main) refers to noretval__2sprintf.o(.text) for __2sprintf
    main.o(i.main) refers to main.o(i.usart1_config) for usart1_config
    main.o(i.main) refers to tasks.o(i.xTaskGenericCreate) for xTaskGenericCreate
    main.o(i.main) refers to main.o(i.timer_init) for timer_init
    main.o(i.main) refers to tasks.o(i.vTaskStartScheduler) for vTaskStartScheduler
    main.o(i.main) refers to main.o(.bss) for send_buffer
    main.o(i.main) refers to main.o(i.led_task) for led_task
    main.o(i.main) refers to main.o(i.usart_task) for usart_task
    main.o(i.main) refers to main.o(i.sum_task) for sum_task
    main.o(i.sum_task) refers to f2d.o(x$fpl$f2d) for __aeabi_f2d
    main.o(i.sum_task) refers to daddsub_clz.o(x$fpl$dadd) for __aeabi_dadd
    main.o(i.sum_task) refers to d2f.o(x$fpl$d2f) for __aeabi_d2f
    main.o(i.sum_task) refers to tasks.o(i.vTaskDelay) for vTaskDelay
    main.o(i.sum_task) refers to main.o(.data) for a
    main.o(i.timer_init) refers to stm32f10x_rcc.o(i.RCC_APB1PeriphClockCmd) for RCC_APB1PeriphClockCmd
    main.o(i.timer_init) refers to stm32f10x_tim.o(i.TIM_TimeBaseInit) for TIM_TimeBaseInit
    main.o(i.timer_init) refers to stm32f10x_tim.o(i.TIM_ITConfig) for TIM_ITConfig
    main.o(i.timer_init) refers to main.o(i.NVIC_EnableIRQ) for NVIC_EnableIRQ
    main.o(i.timer_init) refers to stm32f10x_tim.o(i.TIM_Cmd) for TIM_Cmd
    main.o(i.usart1_config) refers to stm32f10x_rcc.o(i.RCC_APB2PeriphClockCmd) for RCC_APB2PeriphClockCmd
    main.o(i.usart1_config) refers to stm32f10x_gpio.o(i.GPIO_Init) for GPIO_Init
    main.o(i.usart1_config) refers to stm32f10x_usart.o(i.USART_Init) for USART_Init
    main.o(i.usart1_config) refers to misc.o(i.NVIC_PriorityGroupConfig) for NVIC_PriorityGroupConfig
    main.o(i.usart1_config) refers to misc.o(i.NVIC_Init) for NVIC_Init
    main.o(i.usart1_config) refers to stm32f10x_usart.o(i.USART_ITConfig) for USART_ITConfig
    main.o(i.usart1_config) refers to main.o(i.NVIC_EnableIRQ) for NVIC_EnableIRQ
    main.o(i.usart1_config) refers to stm32f10x_usart.o(i.USART_Cmd) for USART_Cmd
    main.o(i.usart1_get_buffer) refers to stm32f10x_usart.o(i.USART_GetFlagStatus) for USART_GetFlagStatus
    main.o(i.usart1_get_buffer) refers to stm32f10x_usart.o(i.USART_ReceiveData) for USART_ReceiveData
    main.o(i.usart1_get_char) refers to stm32f10x_usart.o(i.USART_GetFlagStatus) for USART_GetFlagStatus
    main.o(i.usart1_get_char) refers to stm32f10x_usart.o(i.USART_ReceiveData) for USART_ReceiveData
    main.o(i.usart1_send) refers to main.o(i.usart1_send_char) for usart1_send_char
    main.o(i.usart1_send_buffer) refers to stm32f10x_usart.o(i.USART_SendData) for USART_SendData
    main.o(i.usart1_send_buffer) refers to stm32f10x_usart.o(i.USART_GetFlagStatus) for USART_GetFlagStatus
    main.o(i.usart1_send_char) refers to stm32f10x_usart.o(i.USART_SendData) for USART_SendData
    main.o(i.usart1_send_char) refers to stm32f10x_usart.o(i.USART_GetFlagStatus) for USART_GetFlagStatus
    system_stm32f10x.o(i.SetSysClock) refers to system_stm32f10x.o(i.SetSysClockTo72) for SetSysClockTo72
    system_stm32f10x.o(i.SystemCoreClockUpdate) refers to system_stm32f10x.o(.data) for SystemCoreClock
    system_stm32f10x.o(i.SystemInit) refers to system_stm32f10x.o(i.SetSysClock) for SetSysClock
    delay.o(i.delay_init) refers to misc.o(i.SysTick_CLKSourceConfig) for SysTick_CLKSourceConfig
    delay.o(i.delay_init) refers to system_stm32f10x.o(.data) for SystemCoreClock
    delay.o(i.delay_init) refers to delay.o(.data) for fac_us
[...]
    Removing core_cm3.o(.emb_text), (32 bytes).
    Removing tasks.o(i.prvTaskIsTaskSuspended), (64 bytes).
    Removing tasks.o(i.ulTaskNotifyTake), (180 bytes).
    Removing tasks.o(i.uxTaskGetNumberOfTasks), (12 bytes).
    Removing tasks.o(i.uxTaskPriorityGet), (36 bytes).
    Removing tasks.o(i.uxTaskPriorityGetFromISR), (44 bytes).
    Removing tasks.o(i.uxTaskResetEventItemValue), (28 bytes).
    Removing tasks.o(i.vTaskDelayUntil), (140 bytes).
    Removing tasks.o(i.vTaskDelete), (168 bytes).
    Removing tasks.o(i.vTaskEndScheduler), (24 bytes).
    Removing tasks.o(i.vTaskMissedYield), (12 bytes).
    Removing tasks.o(i.vTaskNotifyGiveFromISR), (144 bytes).
    Removing tasks.o(i.vTaskPlaceOnEventList), (100 bytes).
    Removing tasks.o(i.vTaskPlaceOnUnorderedEventList), (116 bytes).
    Removing tasks.o(i.vTaskPrioritySet), (216 bytes).
    Removing tasks.o(i.vTaskResume), (108 bytes).
    Removing tasks.o(i.vTaskSetTimeOutState), (24 bytes).
    Removing tasks.o(i.vTaskSuspend), (176 bytes).
    Removing tasks.o(i.xTaskCheckForTimeOut), (92 bytes).
    Removing tasks.o(i.xTaskGenericNotify), (180 bytes).
    Removing tasks.o(i.xTaskGenericNotifyFromISR), (220 bytes).
    Removing tasks.o(i.xTaskGetTickCount), (12 bytes).
    Removing tasks.o(i.xTaskGetTickCountFromISR), (12 bytes).
    Removing tasks.o(i.xTaskNotifyStateClear), (56 bytes).
    Removing tasks.o(i.xTaskNotifyWait), (212 bytes).
    Removing tasks.o(i.xTaskRemoveFromEventList), (128 bytes).
    Removing tasks.o(i.xTaskRemoveFromUnorderedEventList), (112 bytes).
    Removing tasks.o(i.xTaskResumeFromISR), (132 bytes).
    Removing queue.o(i.prvCopyDataFromQueue), (42 bytes).
    Removing queue.o(i.prvCopyDataToQueue), (110 bytes).
    Removing queue.o(i.prvIsQueueEmpty), (26 bytes).
    Removing queue.o(i.prvIsQueueFull), (30 bytes).
    Removing queue.o(i.prvUnlockQueue), (126 bytes).
    Removing queue.o(i.uxQueueMessagesWaiting), (18 bytes).
    Removing queue.o(i.uxQueueMessagesWaitingFromISR), (6 bytes).
    Removing queue.o(i.uxQueueSpacesAvailable), (24 bytes).
    Removing queue.o(i.vQueueDelete), (14 bytes).
    Removing queue.o(i.xQueueGenericCreate), (70 bytes).
    Removing queue.o(i.xQueueGenericReceive), (254 bytes).
    Removing queue.o(i.xQueueGenericReset), (110 bytes).
    Removing queue.o(i.xQueueGenericSend), (234 bytes).
    Removing queue.o(i.xQueueGenericSendFromISR), (106 bytes).
    Removing queue.o(i.xQueueGiveFromISR), (90 bytes).
    Removing queue.o(i.xQueueIsQueueEmptyFromISR), (14 bytes).
    Removing queue.o(i.xQueueIsQueueFullFromISR), (18 bytes).
    Removing queue.o(i.xQueuePeekFromISR), (50 bytes).
    Removing queue.o(i.xQueueReceiveFromISR), (96 bytes).
    Removing heap_1.o(i.vPortInitialiseBlocks), (12 bytes).
    Removing heap_1.o(i.xPortGetFreeHeapSize), (16 bytes).
    Removing port.o(i.vPortEndScheduler), (2 bytes).
    Removing event_groups.o(i.prvTestWaitCondition), (30 bytes).
    Removing event_groups.o(i.vEventGroupClearBitsCallback), (16 bytes).
    Removing event_groups.o(i.vEventGroupDelete), (42 bytes).
    Removing event_groups.o(i.vEventGroupSetBitsCallback), (16 bytes).
    Removing event_groups.o(i.xEventGroupClearBits), (32 bytes).
    Removing event_groups.o(i.xEventGroupCreate), (26 bytes).
    Removing event_groups.o(i.xEventGroupGetBitsFromISR), (28 bytes).
    Removing event_groups.o(i.xEventGroupSetBits), (146 bytes).
    Removing event_groups.o(i.xEventGroupSync), (146 bytes).
    Removing event_groups.o(i.xEventGroupWaitBits), (182 bytes).

357 unused section(s) (total 14656 bytes) removed from the image.

==============================================================================

Image Symbol Table

    Local Symbols

    Symbol Name                              Value     Ov Type        Size  Object(Section)

    ../clib/angel/boardlib.s                 0x00000000   Number         0  boardshut.o ABSOLUTE
    ../clib/angel/boardlib.s                 0x00000000   Number         0  boardinit1.o ABSOLUTE
    ../clib/angel/boardlib.s                 0x00000000   Number         0  boardinit3.o ABSOLUTE
    ../clib/angel/boardlib.s                 0x00000000   Number         0  boardinit2.o ABSOLUTE
    ../clib/angel/handlers.s                 0x00000000   Number         0  __scatter_zi.o ABSOLUTE
    ../clib/angel/handlers.s                 0x00000000   Number         0  __scatter_copy.o ABSOLUTE
    ../clib/angel/kernel.s                   0x00000000   Number         0  rtexit2.o ABSOLUTE
    ../clib/angel/kernel.s                   0x00000000   Number         0  __rtentry.o ABSOLUTE
    ../clib/angel/kernel.s                   0x00000000   Number         0  __rtentry2.o ABSOLUTE
    ../clib/angel/kernel.s                   0x00000000   Number         0  __rtentry4.o ABSOLUTE
    ../clib/angel/kernel.s                   0x00000000   Number         0  rtexit.o ABSOLUTE
    ../clib/angel/rt.s                       0x00000000   Number         0  rt_locale_intlibspace.o ABSOLUTE
    ../clib/angel/rt.s                       0x00000000   Number         0  rt_locale.o ABSOLUTE
    ../clib/angel/rt.s                       0x00000000   Number         0  rt_raise.o ABSOLUTE
    ../clib/angel/scatter.s                  0x00000000   Number         0  __scatter.o ABSOLUTE
    ../clib/angel/startup.s                  0x00000000   Number         0  __main.o ABSOLUTE
    ../clib/angel/sys.s                      0x00000000   Number         0  use_no_semi.o ABSOLUTE
    ../clib/angel/sys.s                      0x00000000   Number         0  indicate_semi.o ABSOLUTE
    ../clib/angel/sys.s                      0x00000000   Number         0  libspace.o ABSOLUTE
    ../clib/angel/sys.s                      0x00000000   Number         0  sys_stackheap_outer.o ABSOLUTE
    ../clib/angel/sysapp.c                   0x00000000   Number         0  sys_command.o ABSOLUTE
    ../clib/angel/sysapp.c                   0x00000000   Number         0  sys_exit.o ABSOLUTE
    ../clib/angel/sysapp.c                   0x00000000   Number         0  sys_wrch.o ABSOLUTE
    ../clib/armsys.c                         0x00000000   Number         0  no_argv.o ABSOLUTE
    ../clib/armsys.c                         0x00000000   Number         0  argv_veneer.o ABSOLUTE
    ../clib/armsys.c                         0x00000000   Number         0  _get_argv_nomalloc.o ABSOLUTE
    ../clib/armsys.c                         0x00000000   Number         0  argv_veneer.o ABSOLUTE
    ../clib/bigflt.c                         0x00000000   Number         0  bigflt0.o ABSOLUTE
    ../clib/btod.s                           0x00000000   Number         0  btod.o ABSOLUTE
    ../clib/heapalloc.c                      0x00000000   Number         0  hrguard.o ABSOLUTE
    ../clib/heapaux.c                        0x00000000   Number         0  heapauxi.o ABSOLUTE
    ../clib/libinit.s                        0x00000000   Number         0  libshutdown2.o ABSOLUTE
    ../clib/libinit.s                        0x00000000   Number         0  libinit2.o ABSOLUTE
    ../clib/libinit.s                        0x00000000   Number         0  libshutdown.o ABSOLUTE
    ../clib/libinit.s                        0x00000000   Number         0  libinit.o ABSOLUTE
    ../clib/locale.s                         0x00000000   Number         0  lc_numeric_c.o ABSOLUTE
    ../clib/longlong.s                       0x00000000   Number         0  lludiv10.o ABSOLUTE
    ../clib/memcpset.s                       0x00000000   Number         0  rt_memcpy_v6.o ABSOLUTE
    ../clib/memcpset.s                       0x00000000   Number         0  rt_memcpy_w.o ABSOLUTE
    ../clib/memcpset.s                       0x00000000   Number         0  strcmpv7m.o ABSOLUTE
    ../clib/printf.c                         0x00000000   Number         0  __printf_wp.o ABSOLUTE
    ../clib/printf.c                         0x00000000   Number         0  __printf_flags_ss.o ABSOLUTE
    ../clib/printf.c                         0x00000000   Number         0  __printf_ss.o ABSOLUTE
    ../clib/printf.c                         0x00000000   Number         0  __printf_flags.o ABSOLUTE
    ../clib/printf.c                         0x00000000   Number         0  _printf_dec.o ABSOLUTE
    ../clib/printf.c                         0x00000000   Number         0  __printf.o ABSOLUTE
    ../clib/printf.c                         0x00000000   Number         0  __printf_nopercent.o ABSOLUTE
    ../clib/printf.c                         0x00000000   Number         0  _printf_fp_infnan.o ABSOLUTE
    ../clib/printf.c                         0x00000000   Number         0  __printf_ss_wp.o ABSOLUTE
    ../clib/printf.c                         0x00000000   Number         0  noretval__2sprintf.o ABSOLUTE
    ../clib/printf.c                         0x00000000   Number         0  _sputc.o ABSOLUTE
    ../clib/printf.c                         0x00000000   Number         0  __printf_flags_wp.o ABSOLUTE
    ../clib/printf.c                         0x00000000   Number         0  __2sprintf.o ABSOLUTE
    ../clib/printf.c                         0x00000000   Number         0  _printf_char_common.o ABSOLUTE
    ../clib/printf.c                         0x00000000   Number         0  _printf_fp_dec.o ABSOLUTE
    ../clib/printf.c                         0x00000000   Number         0  _printf_intcommon.o ABSOLUTE
    ../clib/printf.c                         0x00000000   Number         0  __printf_flags_ss_wp.o ABSOLUTE
    ../clib/printf_percent.s                 0x00000000   Number         0  _printf_d.o ABSOLUTE
    ../clib/printf_percent.s                 0x00000000   Number         0  _printf_percent_end.o ABSOLUTE
    ../clib/printf_percent.s                 0x00000000   Number         0  _printf_percent.o ABSOLUTE
    ../clib/printf_percent.s                 0x00000000   Number         0  _printf_f.o ABSOLUTE
    ../clib/signal.c                         0x00000000   Number         0  defsig_general.o ABSOLUTE
    ../clib/signal.c                         0x00000000   Number         0  __raise.o ABSOLUTE
    ../clib/signal.c                         0x00000000   Number         0  defsig_rtmem_inner.o ABSOLUTE
    ../clib/signal.c                         0x00000000   Number         0  defsig_exit.o ABSOLUTE
    ../clib/signal.c                         0x00000000   Number         0  defsig_other.o ABSOLUTE
    ../clib/signal.c                         0x00000000   Number         0  defsig_segv_inner.o ABSOLUTE
    ../clib/signal.c                         0x00000000   Number         0  defsig_cppl_inner.o ABSOLUTE
    ../clib/signal.c                         0x00000000   Number         0  defsig_pvfn_inner.o ABSOLUTE
    ../clib/signal.c                         0x00000000   Number         0  defsig_stak_inner.o ABSOLUTE
    ../clib/signal.c                         0x00000000   Number         0  defsig_rtred_inner.o ABSOLUTE
    ../clib/signal.c                         0x00000000   Number         0  defsig_fpe_inner.o ABSOLUTE
    ../clib/signal.c                         0x00000000   Number         0  defsig_rtmem_formal.o ABSOLUTE
    ../clib/signal.c                         0x00000000   Number         0  defsig_abrt_inner.o ABSOLUTE
    ../clib/signal.c                         0x00000000   Number         0  defsig_rtmem_outer.o ABSOLUTE
    ../clib/signal.s                         0x00000000   Number         0  defsig.o ABSOLUTE
    ../clib/stdlib.c                         0x00000000   Number         0  exit.o ABSOLUTE
    ../fplib/d2f.s                           0x00000000   Number         0  d2f.o ABSOLUTE
    ../fplib/daddsub.s                       0x00000000   Number         0  daddsub_clz.o ABSOLUTE
    ../fplib/dnaninf.s                       0x00000000   Number         0  dnaninf.o ABSOLUTE
    ../fplib/dretinf.s                       0x00000000   Number         0  dretinf.o ABSOLUTE
    ../fplib/f2d.s                           0x00000000   Number         0  f2d.o ABSOLUTE
    ../fplib/fnaninf.s                       0x00000000   Number         0  fnaninf.o ABSOLUTE
    ../fplib/fpinit.s                        0x00000000   Number         0  fpinit.o ABSOLUTE
    ../fplib/fretinf.s                       0x00000000   Number         0  fretinf.o ABSOLUTE
    ../fplib/istatus.s                       0x00000000   Number         0  istatus.o ABSOLUTE
    ../fplib/printf1.s                       0x00000000   Number         0  printf1.o ABSOLUTE
    ../fplib/usenofp.s                       0x00000000   Number         0  usenofp.o ABSOLUTE
    ../mathlib/fpclassify.c                  0x00000000   Number         0  fpclassify.o ABSOLUTE
    ..\CORE\core_cm3.c                       0x00000000   Number         0  core_cm3.o ABSOLUTE
    ..\CORE\startup_stm32f10x_md.s           0x00000000   Number         0  startup_stm32f10x_md.o ABSOLUTE
    ..\CUSTOM LIB\delay\delay.c              0x00000000   Number         0  delay.o ABSOLUTE
    ..\CUSTOM LIB\sys\sys.c                  0x00000000   Number         0  sys.o ABSOLUTE
    ..\FW LIB\src\misc.c                     0x00000000   Number         0  misc.o ABSOLUTE
    ..\FW LIB\src\stm32f10x_bkp.c            0x00000000   Number         0  stm32f10x_bkp.o ABSOLUTE
    ..\FW LIB\src\stm32f10x_cec.c            0x00000000   Number         0  stm32f10x_cec.o ABSOLUTE
    ..\FW LIB\src\stm32f10x_crc.c            0x00000000   Number         0  stm32f10x_crc.o ABSOLUTE
    ..\FW LIB\src\stm32f10x_dbgmcu.c         0x00000000   Number         0  stm32f10x_dbgmcu.o ABSOLUTE
    ..\FW LIB\src\stm32f10x_gpio.c           0x00000000   Number         0  stm32f10x_gpio.o ABSOLUTE
    ..\FW LIB\src\stm32f10x_iwdg.c           0x00000000   Number         0  stm32f10x_iwdg.o ABSOLUTE
    ..\FW LIB\src\stm32f10x_pwr.c            0x00000000   Number         0  stm32f10x_pwr.o ABSOLUTE
    ..\FW LIB\src\stm32f10x_rcc.c            0x00000000   Number         0  stm32f10x_rcc.o ABSOLUTE
    ..\FW LIB\src\stm32f10x_rtc.c            0x00000000   Number         0  stm32f10x_rtc.o ABSOLUTE
    ..\FW LIB\src\stm32f10x_sdio.c           0x00000000   Number         0  stm32f10x_sdio.o ABSOLUTE
    ..\FW LIB\src\stm32f10x_spi.c            0x00000000   Number         0  stm32f10x_spi.o ABSOLUTE
    ..\FW LIB\src\stm32f10x_tim.c            0x00000000   Number         0  stm32f10x_tim.o ABSOLUTE
    ..\FW LIB\src\stm32f10x_usart.c          0x00000000   Number         0  stm32f10x_usart.o ABSOLUTE
    ..\FreeRTOS\croutine.c                   0x00000000   Number         0  croutine.o ABSOLUTE
    ..\FreeRTOS\event_groups.c               0x00000000   Number         0  event_groups.o ABSOLUTE
    ..\FreeRTOS\list.c                       0x00000000   Number         0  list.o ABSOLUTE
    ..\FreeRTOS\portable\MemMang\heap_1.c    0x00000000   Number         0  heap_1.o ABSOLUTE
    ..\FreeRTOS\portable\RVDS\ARM_CM3\port.c 0x00000000   Number         0  port.o ABSOLUTE
    ..\FreeRTOS\queue.c                      0x00000000   Number         0  queue.o ABSOLUTE
    ..\FreeRTOS\tasks.c                      0x00000000   Number         0  tasks.o ABSOLUTE
    ..\FreeRTOS\timers.c                     0x00000000   Number         0  timers.o ABSOLUTE
    ..\\CORE\\core_cm3.c                     0x00000000   Number         0  core_cm3.o ABSOLUTE
    ..\\CUSTOM LIB\\sys\\sys.c               0x00000000   Number         0  sys.o ABSOLUTE
    ..\\FreeRTOS\\portable\\RVDS\\ARM_CM3\\port.c 0x00000000   Number         0  port.o ABSOLUTE
    dc.s                                     0x00000000   Number         0  dc.o ABSOLUTE
    main.c                                   0x00000000   Number         0  main.o ABSOLUTE
    stm32f10x_it.c                           0x00000000   Number         0  stm32f10x_it.o ABSOLUTE
    system_stm32f10x.c                       0x00000000   Number         0  system_stm32f10x.o ABSOLUTE
    RESET                                    0x08000000   Section      236  startup_stm32f10x_md.o(RESET)
    !!!main                                  0x080000ec   Section        8  __main.o(!!!main)
    !!!scatter                               0x080000f4   Section       52  __scatter.o(!!!scatter)
    !!handler_copy                           0x08000128   Section       26  __scatter_copy.o(!!handler_copy)
    !!handler_zi                             0x08000144   Section       28  __scatter_zi.o(!!handler_zi)
    .ARM.Collect$$_printf_percent$$00000000  0x08000160   Section        0  _printf_percent.o(.ARM.Collect$$_printf_percent$$00000000)
    .ARM.Collect$$_printf_percent$$00000003  0x08000160   Section        6  _printf_f.o(.ARM.Collect$$_printf_percent$$00000003)
    .ARM.Collect$$_printf_percent$$00000009  0x08000166   Section        6  _printf_d.o(.ARM.Collect$$_printf_percent$$00000009)
    .ARM.Collect$$_printf_percent$$00000017  0x0800016c   Section        4  _printf_percent_end.o(.ARM.Collect$$_printf_percent$$00000017)
    .ARM.Collect$$libinit$$00000000          0x08000170   Section        2  libinit.o(.ARM.Collect$$libinit$$00000000)
    .ARM.Collect$$libinit$$00000002          0x08000172   Section        0  libinit2.o(.ARM.Collect$$libinit$$00000002)
    .ARM.Collect$$libinit$$00000004          0x08000172   Section        0  libinit2.o(.ARM.Collect$$libinit$$00000004)
    .ARM.Collect$$libinit$$0000000A          0x08000172   Section        0  libinit2.o(.ARM.Collect$$libinit$$0000000A)
    .ARM.Collect$$libinit$$0000000C          0x08000172   Section        0  libinit2.o(.ARM.Collect$$libinit$$0000000C)
    .ARM.Collect$$libinit$$0000000E          0x08000172   Section        0  libinit2.o(.ARM.Collect$$libinit$$0000000E)
    .ARM.Collect$$libinit$$0000000F          0x08000172   Section        6  libinit2.o(.ARM.Collect$$libinit$$0000000F)
    .ARM.Collect$$libinit$$00000011          0x08000178   Section        0  libinit2.o(.ARM.Collect$$libinit$$00000011)
    .ARM.Collect$$libinit$$00000013          0x08000178   Section        0  libinit2.o(.ARM.Collect$$libinit$$00000013)
    .ARM.Collect$$libinit$$00000015          0x08000178   Section        0  libinit2.o(.ARM.Collect$$libinit$$00000015)
    .ARM.Collect$$libinit$$00000016          0x08000178   Section       10  libinit2.o(.ARM.Collect$$libinit$$00000016)
    .ARM.Collect$$libinit$$00000017          0x08000182   Section        0  libinit2.o(.ARM.Collect$$libinit$$00000017)
    .ARM.Collect$$libinit$$00000019          0x08000182   Section        0  libinit2.o(.ARM.Collect$$libinit$$00000019)
    .ARM.Collect$$libinit$$0000001B          0x08000182   Section        0  libinit2.o(.ARM.Collect$$libinit$$0000001B)
    .ARM.Collect$$libinit$$0000001D          0x08000182   Section        0  libinit2.o(.ARM.Collect$$libinit$$0000001D)
    .ARM.Collect$$libinit$$0000001F          0x08000182   Section        0  libinit2.o(.ARM.Collect$$libinit$$0000001F)
    .ARM.Collect$$libinit$$00000021          0x08000182   Section        0  libinit2.o(.ARM.Collect$$libinit$$00000021)
    .ARM.Collect$$libinit$$00000023          0x08000182   Section        0  libinit2.o(.ARM.Collect$$libinit$$00000023)
    .ARM.Collect$$libinit$$00000025          0x08000182   Section        0  libinit2.o(.ARM.Collect$$libinit$$00000025)
    .ARM.Collect$$libinit$$0000002C          0x08000182   Section        0  libinit2.o(.ARM.Collect$$libinit$$0000002C)
    .ARM.Collect$$libinit$$0000002E          0x08000182   Section        0  libinit2.o(.ARM.Collect$$libinit$$0000002E)
    .ARM.Collect$$libinit$$00000030          0x08000182   Section        0  libinit2.o(.ARM.Collect$$libinit$$00000030)
    .ARM.Collect$$libinit$$00000032          0x08000182   Section        0  libinit2.o(.ARM.Collect$$libinit$$00000032)
    .ARM.Collect$$libinit$$00000033          0x08000182   Section        2  libinit2.o(.ARM.Collect$$libinit$$00000033)
    .ARM.Collect$$libshutdown$$00000000      0x08000184   Section        2  libshutdown.o(.ARM.Collect$$libshutdown$$00000000)
    .ARM.Collect$$libshutdown$$00000002      0x08000186   Section        0  libshutdown2.o(.ARM.Collect$$libshutdown$$00000002)
    .ARM.Collect$$libshutdown$$00000004      0x08000186   Section        0  libshutdown2.o(.ARM.Collect$$libshutdown$$00000004)
    .ARM.Collect$$libshutdown$$00000007      0x08000186   Section        0  libshutdown2.o(.ARM.Collect$$libshutdown$$00000007)
    .ARM.Collect$$libshutdown$$0000000A      0x08000186   Section        0  libshutdown2.o(.ARM.Collect$$libshutdown$$0000000A)
    .ARM.Collect$$libshutdown$$0000000C      0x08000186   Section        0  libshutdown2.o(.ARM.Collect$$libshutdown$$0000000C)
    .ARM.Collect$$libshutdown$$0000000F      0x08000186   Section        0  libshutdown2.o(.ARM.Collect$$libshutdown$$0000000F)
    .ARM.Collect$$libshutdown$$00000010      0x08000186   Section        2  libshutdown2.o(.ARM.Collect$$libshutdown$$00000010)
    .ARM.Collect$$rtentry$$00000000          0x08000188   Section        0  __rtentry.o(.ARM.Collect$$rtentry$$00000000)
    .ARM.Collect$$rtentry$$00000002          0x08000188   Section        0  __rtentry2.o(.ARM.Collect$$rtentry$$00000002)
    .ARM.Collect$$rtentry$$00000004          0x08000188   Section        6  __rtentry4.o(.ARM.Collect$$rtentry$$00000004)
    .ARM.Collect$$rtentry$$00000009          0x0800018e   Section        0  __rtentry2.o(.ARM.Collect$$rtentry$$00000009)
    .ARM.Collect$$rtentry$$0000000A          0x0800018e   Section        4  __rtentry2.o(.ARM.Collect$$rtentry$$0000000A)
    .ARM.Collect$$rtentry$$0000000C          0x08000192   Section        0  __rtentry2.o(.ARM.Collect$$rtentry$$0000000C)
    .ARM.Collect$$rtentry$$0000000D          0x08000192   Section        8  __rtentry2.o(.ARM.Collect$$rtentry$$0000000D)
    .ARM.Collect$$rtexit$$00000000           0x0800019a   Section        2  rtexit.o(.ARM.Collect$$rtexit$$00000000)
    .ARM.Collect$$rtexit$$00000002           0x0800019c   Section        0  rtexit2.o(.ARM.Collect$$rtexit$$00000002)
    .ARM.Collect$$rtexit$$00000003           0x0800019c   Section        4  rtexit2.o(.ARM.Collect$$rtexit$$00000003)
    .ARM.Collect$$rtexit$$00000004           0x080001a0   Section        6  rtexit2.o(.ARM.Collect$$rtexit$$00000004)
    .emb_text                                0x080001a8   Section      162  port.o(.emb_text)
    .text                                    0x0800024c   Section       64  startup_stm32f10x_md.o(.text)
    .text                                    0x0800028c   Section        0  noretval__2sprintf.o(.text)
    .text                                    0x080002b4   Section        0  __printf.o(.text)
    .text                                    0x0800031c   Section        0  _printf_dec.o(.text)
    .text                                    0x08000394   Section        0  heapauxi.o(.text)
    .text                                    0x0800039a   Section        0  _printf_intcommon.o(.text)
    .text                                    0x0800044c   Section        0  _printf_fp_dec.o(.text)
    _fp_digits                               0x0800044f   Thumb Code   432  _printf_fp_dec.o(.text)
    .text                                    0x0800086c   Section        0  _printf_char_common.o(.text)
    _printf_input_char                       0x0800086d   Thumb Code    10  _printf_char_common.o(.text)
    .text                                    0x0800089c   Section        0  _sputc.o(.text)
    .text                                    0x080008a8   Section        8  rt_locale_intlibspace.o(.text)
    .text                                    0x080008b0   Section      138  lludiv10.o(.text)
    .text                                    0x0800093c   Section        0  _printf_fp_infnan.o(.text)
    .text                                    0x080009bc   Section        0  bigflt0.o(.text)
    .text                                    0x08000aa0   Section        8  libspace.o(.text)
    .text                                    0x08000aa8   Section       74  sys_stackheap_outer.o(.text)
    .text                                    0x08000af2   Section        0  exit.o(.text)
    .text                                    0x08000b04   Section      128  strcmpv7m.o(.text)
    .text                                    0x08000b84   Section        0  sys_exit.o(.text)
    .text                                    0x08000b90   Section        2  use_no_semi.o(.text)
    .text                                    0x08000b92   Section        0  indicate_semi.o(.text)
    CL$$btod_d2e                             0x08000b92   Section       62  btod.o(CL$$btod_d2e)
    CL$$btod_d2e_denorm_low                  0x08000bd0   Section       70  btod.o(CL$$btod_d2e_denorm_low)
    CL$$btod_d2e_norm_op1                    0x08000c16   Section       96  btod.o(CL$$btod_d2e_norm_op1)
    CL$$btod_div_common                      0x08000c76   Section      824  btod.o(CL$$btod_div_common)
    CL$$btod_e2e                             0x08000fae   Section      220  btod.o(CL$$btod_e2e)
    CL$$btod_ediv                            0x0800108a   Section       42  btod.o(CL$$btod_ediv)
    CL$$btod_emul                            0x080010b4   Section       42  btod.o(CL$$btod_emul)
    CL$$btod_mult_common                     0x080010de   Section      580  btod.o(CL$$btod_mult_common)
    i.BusFault_Handler                       0x08001322   Section        0  stm32f10x_it.o(i.BusFault_Handler)
    i.DebugMon_Handler                       0x08001326   Section        0  stm32f10x_it.o(i.DebugMon_Handler)
    i.GPIO_Init                              0x08001328   Section        0  stm32f10x_gpio.o(i.GPIO_Init)
    i.HardFault_Handler                      0x0800143e   Section        0  stm32f10x_it.o(i.HardFault_Handler)
    i.MemManage_Handler                      0x08001442   Section        0  stm32f10x_it.o(i.MemManage_Handler)
    i.NMI_Handler                            0x08001446   Section        0  stm32f10x_it.o(i.NMI_Handler)
    i.NVIC_EnableIRQ                         0x08001448   Section        0  main.o(i.NVIC_EnableIRQ)
    NVIC_EnableIRQ                           0x08001449   Thumb Code    22  main.o(i.NVIC_EnableIRQ)
    i.NVIC_Init                              0x08001460   Section        0  misc.o(i.NVIC_Init)
    i.NVIC_PriorityGroupConfig               0x080014d0   Section        0  misc.o(i.NVIC_PriorityGroupConfig)
    i.RCC_APB1PeriphClockCmd                 0x080014e4   Section        0  stm32f10x_rcc.o(i.RCC_APB1PeriphClockCmd)
    i.RCC_APB2PeriphClockCmd                 0x08001504   Section        0  stm32f10x_rcc.o(i.RCC_APB2PeriphClockCmd)
    i.RCC_GetClocksFreq                      0x08001524   Section        0  stm32f10x_rcc.o(i.RCC_GetClocksFreq)
    i.SetSysClock                            0x080015f8   Section        0  system_stm32f10x.o(i.SetSysClock)
    SetSysClock                              0x080015f9   Thumb Code     8  system_stm32f10x.o(i.SetSysClock)
    i.SetSysClockTo72                        0x08001600   Section        0  system_stm32f10x.o(i.SetSysClockTo72)
    SetSysClockTo72                          0x08001601   Thumb Code   214  system_stm32f10x.o(i.SetSysClockTo72)
    i.SysTick_CLKSourceConfig                0x080016e0   Section        0  misc.o(i.SysTick_CLKSourceConfig)
    i.SysTick_Handler                        0x08001708   Section        0  port.o(i.SysTick_Handler)
    i.SystemInit                             0x08001728   Section        0  system_stm32f10x.o(i.SystemInit)
    i.TIM4_IRQHandler                        0x08001788   Section        0  main.o(i.TIM4_IRQHandler)
    i.TIM_ClearITPendingBit                  0x080017e4   Section        0  stm32f10x_tim.o(i.TIM_ClearITPendingBit)
    i.TIM_Cmd                                0x080017ea   Section        0  stm32f10x_tim.o(i.TIM_Cmd)
    i.TIM_GetITStatus                        0x08001802   Section        0  stm32f10x_tim.o(i.TIM_GetITStatus)
    i.TIM_ITConfig                           0x08001824   Section        0  stm32f10x_tim.o(i.TIM_ITConfig)
    i.TIM_TimeBaseInit                       0x08001838   Section        0  stm32f10x_tim.o(i.TIM_TimeBaseInit)
    i.USART1_IRQHandler                      0x080018dc   Section        0  main.o(i.USART1_IRQHandler)
    i.USART_Cmd                              0x080018fc   Section        0  stm32f10x_usart.o(i.USART_Cmd)
    i.USART_ITConfig                         0x08001914   Section        0  stm32f10x_usart.o(i.USART_ITConfig)
    i.USART_Init                             0x08001960   Section        0  stm32f10x_usart.o(i.USART_Init)
    i.USART_SendData                         0x08001a38   Section        0  stm32f10x_usart.o(i.USART_SendData)
    i.UsageFault_Handler                     0x08001a40   Section        0  stm32f10x_it.o(i.UsageFault_Handler)
    i.__ARM_fpclassify                       0x08001a44   Section        0  fpclassify.o(i.__ARM_fpclassify)
    i.delay_init                             0x08001a6c   Section        0  delay.o(i.delay_init)
    i.led_init                               0x08001ab0   Section        0  main.o(i.led_init)
    i.led_task                               0x08001adc   Section        0  main.o(i.led_task)
    i.main                                   0x08001ae8   Section        0  main.o(i.main)
    i.prvAddCurrentTaskToDelayedList         0x08001bb4   Section        0  tasks.o(i.prvAddCurrentTaskToDelayedList)
    prvAddCurrentTaskToDelayedList           0x08001bb5   Thumb Code    62  tasks.o(i.prvAddCurrentTaskToDelayedList)
    i.prvAllocateTCBAndStack                 0x08001c08   Section        0  tasks.o(i.prvAllocateTCBAndStack)
    prvAllocateTCBAndStack                   0x08001c09   Thumb Code    54  tasks.o(i.prvAllocateTCBAndStack)
    i.prvCheckTasksWaitingTermination        0x08001c40   Section        0  tasks.o(i.prvCheckTasksWaitingTermination)
    prvCheckTasksWaitingTermination          0x08001c41   Thumb Code    86  tasks.o(i.prvCheckTasksWaitingTermination)
    i.prvDeleteTCB                           0x08001ca4   Section        0  tasks.o(i.prvDeleteTCB)
    prvDeleteTCB                             0x08001ca5   Thumb Code    18  tasks.o(i.prvDeleteTCB)
    i.prvIdleTask                            0x08001cb8   Section        0  tasks.o(i.prvIdleTask)
    prvIdleTask                              0x08001cb9   Thumb Code    20  tasks.o(i.prvIdleTask)
    i.prvInitialiseTCBVariables              0x08001cd0   Section        0  tasks.o(i.prvInitialiseTCBVariables)
    prvInitialiseTCBVariables                0x08001cd1   Thumb Code    92  tasks.o(i.prvInitialiseTCBVariables)
    i.prvInitialiseTaskLists                 0x08001d2c   Section        0  tasks.o(i.prvInitialiseTaskLists)
    prvInitialiseTaskLists                   0x08001d2d   Thumb Code    70  tasks.o(i.prvInitialiseTaskLists)
    i.prvResetNextTaskUnblockTime            0x08001d94   Section        0  tasks.o(i.prvResetNextTaskUnblockTime)
    prvResetNextTaskUnblockTime              0x08001d95   Thumb Code    42  tasks.o(i.prvResetNextTaskUnblockTime)
    i.prvTaskExitError                       0x08001dc8   Section        0  port.o(i.prvTaskExitError)
    prvTaskExitError                         0x08001dc9   Thumb Code     8  port.o(i.prvTaskExitError)
    i.pvPortMalloc                           0x08001dd0   Section        0  heap_1.o(i.pvPortMalloc)
    i.pxPortInitialiseStack                  0x08001e40   Section        0  port.o(i.pxPortInitialiseStack)
    i.sum_task                               0x08001e60   Section        0  main.o(i.sum_task)
    i.timer_init                             0x08001f5c   Section        0  main.o(i.timer_init)
    i.usart1_config                          0x08001fe8   Section        0  main.o(i.usart1_config)
    i.usart_task                             0x080020a8   Section        0  main.o(i.usart_task)
    i.uxListRemove                           0x080020ac   Section        0  list.o(i.uxListRemove)
    i.vListInitialise                        0x080020d4   Section        0  list.o(i.vListInitialise)
    i.vListInitialiseItem                    0x080020ee   Section        0  list.o(i.vListInitialiseItem)
    i.vListInsert                            0x080020f4   Section        0  list.o(i.vListInsert)
    i.vListInsertEnd                         0x08002128   Section        0  list.o(i.vListInsertEnd)
    i.vPortEnterCritical                     0x08002140   Section        0  port.o(i.vPortEnterCritical)
    i.vPortExitCritical                      0x08002160   Section        0  port.o(i.vPortExitCritical)
    i.vPortFree                              0x08002180   Section        0  heap_1.o(i.vPortFree)
    i.vPortSetupTimerInterrupt               0x08002184   Section        0  port.o(i.vPortSetupTimerInterrupt)
    i.vPortYield                             0x08002198   Section        0  port.o(i.vPortYield)
    i.vTaskDelay                             0x080021b0   Section        0  tasks.o(i.vTaskDelay)
    i.vTaskStartScheduler                    0x08002204   Section        0  tasks.o(i.vTaskStartScheduler)
    i.vTaskSuspendAll                        0x08002258   Section        0  tasks.o(i.vTaskSuspendAll)
    i.vTaskSwitchContext                     0x08002268   Section        0  tasks.o(i.vTaskSwitchContext)
    i.xPortStartScheduler                    0x080022c8   Section        0  port.o(i.xPortStartScheduler)
    i.xTaskGenericCreate                     0x080022fc   Section        0  tasks.o(i.xTaskGenericCreate)
    i.xTaskIncrementTick                     0x080023f8   Section        0  tasks.o(i.xTaskIncrementTick)
    i.xTaskResumeAll                         0x08002518   Section        0  tasks.o(i.xTaskResumeAll)
    locale$$code                             0x080025f4   Section       44  lc_numeric_c.o(locale$$code)
    x$fpl$d2f                                0x08002620   Section       98  d2f.o(x$fpl$d2f)
    x$fpl$dadd                               0x08002684   Section      336  daddsub_clz.o(x$fpl$dadd)
    _dadd1                                   0x08002695   Thumb Code     0  daddsub_clz.o(x$fpl$dadd)
    x$fpl$dnaninf                            0x080027d4   Section      156  dnaninf.o(x$fpl$dnaninf)
    x$fpl$dretinf                            0x08002870   Section       12  dretinf.o(x$fpl$dretinf)
    x$fpl$dsub                               0x0800287c   Section      468  daddsub_clz.o(x$fpl$dsub)
    _dsub1                                   0x0800288d   Thumb Code     0  daddsub_clz.o(x$fpl$dsub)
    x$fpl$f2d                                0x08002a50   Section       86  f2d.o(x$fpl$f2d)
    x$fpl$fnaninf                            0x08002aa6   Section      140  fnaninf.o(x$fpl$fnaninf)
    x$fpl$fretinf                            0x08002b32   Section       10  fretinf.o(x$fpl$fretinf)
    x$fpl$printf1                            0x08002b3c   Section        4  printf1.o(x$fpl$printf1)
    .constdata                               0x08002b40   Section      148  bigflt0.o(.constdata)
    x$fpl$usenofp                            0x08002b40   Section        0  usenofp.o(x$fpl$usenofp)
    tenpwrs_x                                0x08002b40   Data          60  bigflt0.o(.constdata)
    tenpwrs_i                                0x08002b7c   Data          64  bigflt0.o(.constdata)
    locale$$data                             0x08002bf4   Section       28  lc_numeric_c.o(locale$$data)
    __lcnum_c_name                           0x08002bf8   Data           2  lc_numeric_c.o(locale$$data)
    __lcnum_c_start                          0x08002c00   Data           0  lc_numeric_c.o(locale$$data)
    __lcnum_c_point                          0x08002c0c   Data           0  lc_numeric_c.o(locale$$data)
    __lcnum_c_thousands                      0x08002c0e   Data           0  lc_numeric_c.o(locale$$data)
    __lcnum_c_grouping                       0x08002c0f   Data           0  lc_numeric_c.o(locale$$data)
    __lcnum_c_end                            0x08002c10   Data           0  lc_numeric_c.o(locale$$data)
    .data                                    0x20000000   Section       34  main.o(.data)
    count                                    0x2000001e   Data           2  main.o(.data)
    test                                     0x20000020   Data           2  main.o(.data)
    .data                                    0x20000024   Section       20  system_stm32f10x.o(.data)
    .data                                    0x20000038   Section        4  delay.o(.data)
    fac_us                                   0x20000038   Data           1  delay.o(.data)
    fac_ms                                   0x2000003a   Data           2  delay.o(.data)
    .data                                    0x2000003c   Section       20  stm32f10x_rcc.o(.data)
    APBAHBPrescTable                         0x2000003c   Data          16  stm32f10x_rcc.o(.data)
    ADCPrescTable                            0x2000004c   Data           4  stm32f10x_rcc.o(.data)
    .data                                    0x20000050   Section       56  tasks.o(.data)
    pxDelayedTaskList                        0x20000054   Data           4  tasks.o(.data)
    pxOverflowDelayedTaskList                0x20000058   Data           4  tasks.o(.data)
    uxTasksDeleted                           0x2000005c   Data           4  tasks.o(.data)
    uxCurrentNumberOfTasks                   0x20000060   Data           4  tasks.o(.data)
    xTickCount                               0x20000064   Data           4  tasks.o(.data)
    uxTopReadyPriority                       0x20000068   Data           4  tasks.o(.data)
    xSchedulerRunning                        0x2000006c   Data           4  tasks.o(.data)
    uxPendedTicks                            0x20000070   Data           4  tasks.o(.data)
    xYieldPending                            0x20000074   Data           4  tasks.o(.data)
    xNumOfOverflows                          0x20000078   Data           4  tasks.o(.data)
    uxTaskNumber                             0x2000007c   Data           4  tasks.o(.data)
    xNextTaskUnblockTime                     0x20000080   Data           4  tasks.o(.data)
    uxSchedulerSuspended                     0x20000084   Data           4  tasks.o(.data)
    .data                                    0x20000088   Section        8  heap_1.o(.data)
    xNextFreeByte                            0x20000088   Data           4  heap_1.o(.data)
    pucAlignedHeap                           0x2000008c   Data           4  heap_1.o(.data)
    .data                                    0x20000090   Section        4  port.o(.data)
    uxCriticalNesting                        0x20000090   Data           4  port.o(.data)
    .bss                                     0x20000094   Section      100  main.o(.bss)
    .bss                                     0x200000f8   Section      200  tasks.o(.bss)
    pxReadyTasksLists                        0x200000f8   Data         100  tasks.o(.bss)
    xDelayedTaskList1                        0x2000015c   Data          20  tasks.o(.bss)
    xDelayedTaskList2                        0x20000170   Data          20  tasks.o(.bss)
    xPendingReadyList                        0x20000184   Data          20  tasks.o(.bss)
    xTasksWaitingTermination                 0x20000198   Data          20  tasks.o(.bss)
    xSuspendedTaskList                       0x200001ac   Data          20  tasks.o(.bss)
    .bss                                     0x200001c0   Section    17408  heap_1.o(.bss)
    ucHeap                                   0x200001c0   Data       17408  heap_1.o(.bss)
    .bss                                     0x200045c0   Section       96  libspace.o(.bss)
    HEAP                                     0x20004620   Section      512  startup_stm32f10x_md.o(HEAP)
    Heap_Mem                                 0x20004620   Data         512  startup_stm32f10x_md.o(HEAP)
    STACK                                    0x20004820   Section     1024  startup_stm32f10x_md.o(STACK)
    Stack_Mem                                0x20004820   Data        1024  startup_stm32f10x_md.o(STACK)
    __initial_sp                             0x20004c20   Data           0  startup_stm32f10x_md.o(STACK)

    Global Symbols

    Symbol Name                              Value     Ov Type        Size  Object(Section)

    BuildAttributes$$THM_ISAv4$P$D$K$B$S$PE$A:L22UL41UL21$X:L11$S22US41US21$IEEE1$IW$USESV6$~STKCKD$USESV7$~SHL$OTIME$ROPI$IEEEJ$EBA8$UX$STANDARDLIB$REQ8$PRES8$EABIv2 0x00000000   Number         0  anon$$obj.o ABSOLUTE
    __ARM_use_no_argv                        0x00000000   Number         0  main.o ABSOLUTE
    __ARM_exceptions_init                     - Undefined Weak Reference
    __alloca_initialize                       - Undefined Weak Reference
    __arm_preinit_                            - Undefined Weak Reference
    __cpp_initialize__aeabi_                  - Undefined Weak Reference
    __cxa_finalize                            - Undefined Weak Reference
    __sigvec_lookup                           - Undefined Weak Reference
    _atexit_init                              - Undefined Weak Reference
    _call_atexit_fns                          - Undefined Weak Reference
    _clock_init                               - Undefined Weak Reference
    _fp_trap_init                             - Undefined Weak Reference
    _fp_trap_shutdown                         - Undefined Weak Reference
    _get_lc_collate                           - Undefined Weak Reference
    _get_lc_ctype                             - Undefined Weak Reference
    _get_lc_monetary                          - Undefined Weak Reference
    _get_lc_time                              - Undefined Weak Reference
    _getenv_init                              - Undefined Weak Reference
    _handle_redirection                       - Undefined Weak Reference
    _init_alloc                               - Undefined Weak Reference
    _init_user_alloc                          - Undefined Weak Reference
    _initio                                   - Undefined Weak Reference
    _printf_post_padding                      - Undefined Weak Reference
    _printf_pre_padding                       - Undefined Weak Reference
    _printf_truncate_signed                   - Undefined Weak Reference
    _printf_truncate_unsigned                 - Undefined Weak Reference
    _rand_init                                - Undefined Weak Reference
    _signal_finish                            - Undefined Weak Reference
    _signal_init                              - Undefined Weak Reference
    _terminate_alloc                          - Undefined Weak Reference
    _terminate_user_alloc                     - Undefined Weak Reference
    _terminateio                              - Undefined Weak Reference
    __Vectors_Size                           0x000000ec   Number         0  startup_stm32f10x_md.o ABSOLUTE
    __Vectors                                0x08000000   Data           4  startup_stm32f10x_md.o(RESET)
    __Vectors_End                            0x080000ec   Data           0  startup_stm32f10x_md.o(RESET)
    __main                                   0x080000ed   Thumb Code     8  __main.o(!!!main)
    __scatterload                            0x080000f5   Thumb Code     0  __scatter.o(!!!scatter)
    __scatterload_rt2                        0x080000f5   Thumb Code    44  __scatter.o(!!!scatter)
    __scatterload_rt2_thumb_only             0x080000f5   Thumb Code     0  __scatter.o(!!!scatter)
    __scatterload_null                       0x08000103   Thumb Code     0  __scatter.o(!!!scatter)
    __scatterload_copy                       0x08000129   Thumb Code    26  __scatter_copy.o(!!handler_copy)
    __scatterload_zeroinit                   0x08000145   Thumb Code    28  __scatter_zi.o(!!handler_zi)
    _printf_f                                0x08000161   Thumb Code     0  _printf_f.o(.ARM.Collect$$_printf_percent$$00000003)
    _printf_percent                          0x08000161   Thumb Code     0  _printf_percent.o(.ARM.Collect$$_printf_percent$$00000000)
    _printf_d                                0x08000167   Thumb Code     0  _printf_d.o(.ARM.Collect$$_printf_percent$$00000009)
    _printf_percent_end                      0x0800016d   Thumb Code     0  _printf_percent_end.o(.ARM.Collect$$_printf_percent$$00000017)
    __rt_lib_init                            0x08000171   Thumb Code     0  libinit.o(.ARM.Collect$$libinit$$00000000)
    __rt_lib_init_fp_1                       0x08000173   Thumb Code     0  libinit2.o(.ARM.Collect$$libinit$$00000002)
    __rt_lib_init_heap_1                     0x08000173   Thumb Code     0  libinit2.o(.ARM.Collect$$libinit$$0000000A)
    __rt_lib_init_lc_common                  0x08000173   Thumb Code     0  libinit2.o(.ARM.Collect$$libinit$$0000000F)
    __rt_lib_init_preinit_1                  0x08000173   Thumb Code     0  libinit2.o(.ARM.Collect$$libinit$$00000004)
    __rt_lib_init_rand_1                     0x08000173   Thumb Code     0  libinit2.o(.ARM.Collect$$libinit$$0000000E)
    __rt_lib_init_user_alloc_1               0x08000173   Thumb Code     0  libinit2.o(.ARM.Collect$$libinit$$0000000C)
    __rt_lib_init_lc_collate_1               0x08000179   Thumb Code     0  libinit2.o(.ARM.Collect$$libinit$$00000011)
    __rt_lib_init_lc_ctype_1                 0x08000179   Thumb Code     0  libinit2.o(.ARM.Collect$$libinit$$00000013)
    __rt_lib_init_lc_monetary_1              0x08000179   Thumb Code     0  libinit2.o(.ARM.Collect$$libinit$$00000015)
    __rt_lib_init_lc_numeric_2               0x08000179   Thumb Code     0  libinit2.o(.ARM.Collect$$libinit$$00000016)
    __rt_lib_init_alloca_1                   0x08000183   Thumb Code     0  libinit2.o(.ARM.Collect$$libinit$$0000002E)
    __rt_lib_init_argv_1                     0x08000183   Thumb Code     0  libinit2.o(.ARM.Collect$$libinit$$0000002C)
    __rt_lib_init_atexit_1                   0x08000183   Thumb Code     0  libinit2.o(.ARM.Collect$$libinit$$0000001B)
    __rt_lib_init_clock_1                    0x08000183   Thumb Code     0  libinit2.o(.ARM.Collect$$libinit$$00000021)
    __rt_lib_init_cpp_1                      0x08000183   Thumb Code     0  libinit2.o(.ARM.Collect$$libinit$$00000032)
    __rt_lib_init_exceptions_1               0x08000183   Thumb Code     0  libinit2.o(.ARM.Collect$$libinit$$00000030)
    __rt_lib_init_fp_trap_1                  0x08000183   Thumb Code     0  libinit2.o(.ARM.Collect$$libinit$$0000001F)
    __rt_lib_init_getenv_1                   0x08000183   Thumb Code     0  libinit2.o(.ARM.Collect$$libinit$$00000023)
    __rt_lib_init_lc_numeric_1               0x08000183   Thumb Code     0  libinit2.o(.ARM.Collect$$libinit$$00000017)
    __rt_lib_init_lc_time_1                  0x08000183   Thumb Code     0  libinit2.o(.ARM.Collect$$libinit$$00000019)
    __rt_lib_init_return                     0x08000183   Thumb Code     0  libinit2.o(.ARM.Collect$$libinit$$00000033)
    __rt_lib_init_signal_1                   0x08000183   Thumb Code     0  libinit2.o(.ARM.Collect$$libinit$$0000001D)
    __rt_lib_init_stdio_1                    0x08000183   Thumb Code     0  libinit2.o(.ARM.Collect$$libinit$$00000025)
    __rt_lib_shutdown                        0x08000185   Thumb Code     0  libshutdown.o(.ARM.Collect$$libshutdown$$00000000)
    __rt_lib_shutdown_cpp_1                  0x08000187   Thumb Code     0  libshutdown2.o(.ARM.Collect$$libshutdown$$00000002)
    __rt_lib_shutdown_fp_trap_1              0x08000187   Thumb Code     0  libshutdown2.o(.ARM.Collect$$libshutdown$$00000007)
    __rt_lib_shutdown_heap_1                 0x08000187   Thumb Code     0  libshutdown2.o(.ARM.Collect$$libshutdown$$0000000F)
    __rt_lib_shutdown_return                 0x08000187   Thumb Code     0  libshutdown2.o(.ARM.Collect$$libshutdown$$00000010)
    __rt_lib_shutdown_signal_1               0x08000187   Thumb Code     0  libshutdown2.o(.ARM.Collect$$libshutdown$$0000000A)
    __rt_lib_shutdown_stdio_1                0x08000187   Thumb Code     0  libshutdown2.o(.ARM.Collect$$libshutdown$$00000004)
    __rt_lib_shutdown_user_alloc_1           0x08000187   Thumb Code     0  libshutdown2.o(.ARM.Collect$$libshutdown$$0000000C)
    __rt_entry                               0x08000189   Thumb Code     0  __rtentry.o(.ARM.Collect$$rtentry$$00000000)
    __rt_entry_presh_1                       0x08000189   Thumb Code     0  __rtentry2.o(.ARM.Collect$$rtentry$$00000002)
    __rt_entry_sh                            0x08000189   Thumb Code     0  __rtentry4.o(.ARM.Collect$$rtentry$$00000004)
    __rt_entry_li                            0x0800018f   Thumb Code     0  __rtentry2.o(.ARM.Collect$$rtentry$$0000000A)
    __rt_entry_postsh_1                      0x0800018f   Thumb Code     0  __rtentry2.o(.ARM.Collect$$rtentry$$00000009)
    __rt_entry_main                          0x08000193   Thumb Code     0  __rtentry2.o(.ARM.Collect$$rtentry$$0000000D)
    __rt_entry_postli_1                      0x08000193   Thumb Code     0  __rtentry2.o(.ARM.Collect$$rtentry$$0000000C)
    __rt_exit                                0x0800019b   Thumb Code     0  rtexit.o(.ARM.Collect$$rtexit$$00000000)
    __rt_exit_ls                             0x0800019d   Thumb Code     0  rtexit2.o(.ARM.Collect$$rtexit$$00000003)
    __rt_exit_prels_1                        0x0800019d   Thumb Code     0  rtexit2.o(.ARM.Collect$$rtexit$$00000002)
    __rt_exit_exit                           0x080001a1   Thumb Code     0  rtexit2.o(.ARM.Collect$$rtexit$$00000004)
    SVC_Handler                              0x080001a9   Thumb Code    32  port.o(.emb_text)
    __asm___6_port_c_39a90d8d__prvStartFirstTask 0x080001cd   Thumb Code    28  port.o(.emb_text)
    PendSV_Handler                           0x080001ed   Thumb Code    64  port.o(.emb_text)
    ulPortSetInterruptMask                   0x08000231   Thumb Code    14  port.o(.emb_text)
    vPortClearInterruptMask                  0x0800023f   Thumb Code     6  port.o(.emb_text)
    vPortGetIPSR                             0x08000245   Thumb Code     6  port.o(.emb_text)
    Reset_Handler                            0x0800024d   Thumb Code     8  startup_stm32f10x_md.o(.text)
    ADC1_2_IRQHandler                        0x08000267   Thumb Code     0  startup_stm32f10x_md.o(.text)
    CAN1_RX1_IRQHandler                      0x08000267   Thumb Code     0  startup_stm32f10x_md.o(.text)
    CAN1_SCE_IRQHandler                      0x08000267   Thumb Code     0  startup_stm32f10x_md.o(.text)
    DMA1_Channel1_IRQHandler                 0x08000267   Thumb Code     0  startup_stm32f10x_md.o(.text)
    DMA1_Channel2_IRQHandler                 0x08000267   Thumb Code     0  startup_stm32f10x_md.o(.text)
    DMA1_Channel3_IRQHandler                 0x08000267   Thumb Code     0  startup_stm32f10x_md.o(.text)
    DMA1_Channel4_IRQHandler                 0x08000267   Thumb Code     0  startup_stm32f10x_md.o(.text)
    DMA1_Channel5_IRQHandler                 0x08000267   Thumb Code     0  startup_stm32f10x_md.o(.text)
    DMA1_Channel6_IRQHandler                 0x08000267   Thumb Code     0  startup_stm32f10x_md.o(.text)
    DMA1_Channel7_IRQHandler                 0x08000267   Thumb Code     0  startup_stm32f10x_md.o(.text)
    EXTI0_IRQHandler                         0x08000267   Thumb Code     0  startup_stm32f10x_md.o(.text)
    EXTI15_10_IRQHandler                     0x08000267   Thumb Code     0  startup_stm32f10x_md.o(.text)
    EXTI1_IRQHandler                         0x08000267   Thumb Code     0  startup_stm32f10x_md.o(.text)
    EXTI2_IRQHandler                         0x08000267   Thumb Code     0  startup_stm32f10x_md.o(.text)
    EXTI3_IRQHandler                         0x08000267   Thumb Code     0  startup_stm32f10x_md.o(.text)
    EXTI4_IRQHandler                         0x08000267   Thumb Code     0  startup_stm32f10x_md.o(.text)
    EXTI9_5_IRQHandler                       0x08000267   Thumb Code     0  startup_stm32f10x_md.o(.text)
    FLASH_IRQHandler                         0x08000267   Thumb Code     0  startup_stm32f10x_md.o(.text)
    I2C1_ER_IRQHandler                       0x08000267   Thumb Code     0  startup_stm32f10x_md.o(.text)
    I2C1_EV_IRQHandler                       0x08000267   Thumb Code     0  startup_stm32f10x_md.o(.text)
    I2C2_ER_IRQHandler                       0x08000267   Thumb Code     0  startup_stm32f10x_md.o(.text)
    I2C2_EV_IRQHandler                       0x08000267   Thumb Code     0  startup_stm32f10x_md.o(.text)
    PVD_IRQHandler                           0x08000267   Thumb Code     0  startup_stm32f10x_md.o(.text)
    RCC_IRQHandler                           0x08000267   Thumb Code     0  startup_stm32f10x_md.o(.text)
    RTCAlarm_IRQHandler                      0x08000267   Thumb Code     0  startup_stm32f10x_md.o(.text)
    RTC_IRQHandler                           0x08000267   Thumb Code     0  startup_stm32f10x_md.o(.text)
    SPI1_IRQHandler                          0x08000267   Thumb Code     0  startup_stm32f10x_md.o(.text)
    SPI2_IRQHandler                          0x08000267   Thumb Code     0  startup_stm32f10x_md.o(.text)
    TAMPER_IRQHandler                        0x08000267   Thumb Code     0  startup_stm32f10x_md.o(.text)
    TIM1_BRK_IRQHandler                      0x08000267   Thumb Code     0  startup_stm32f10x_md.o(.text)
    TIM1_CC_IRQHandler                       0x08000267   Thumb Code     0  startup_stm32f10x_md.o(.text)
    TIM1_TRG_COM_IRQHandler                  0x08000267   Thumb Code     0  startup_stm32f10x_md.o(.text)
    TIM1_UP_IRQHandler                       0x08000267   Thumb Code     0  startup_stm32f10x_md.o(.text)
    TIM2_IRQHandler                          0x08000267   Thumb Code     0  startup_stm32f10x_md.o(.text)
    TIM3_IRQHandler                          0x08000267   Thumb Code     0  startup_stm32f10x_md.o(.text)
    USART2_IRQHandler                        0x08000267   Thumb Code     0  startup_stm32f10x_md.o(.text)
    USART3_IRQHandler                        0x08000267   Thumb Code     0  startup_stm32f10x_md.o(.text)
    USBWakeUp_IRQHandler                     0x08000267   Thumb Code     0  startup_stm32f10x_md.o(.text)
    USB_HP_CAN1_TX_IRQHandler                0x08000267   Thumb Code     0  startup_stm32f10x_md.o(.text)
    USB_LP_CAN1_RX0_IRQHandler               0x08000267   Thumb Code     0  startup_stm32f10x_md.o(.text)
    WWDG_IRQHandler                          0x08000267   Thumb Code     0  startup_stm32f10x_md.o(.text)
    __user_initial_stackheap                 0x08000269   Thumb Code     0  startup_stm32f10x_md.o(.text)
    __2sprintf                               0x0800028d   Thumb Code    34  noretval__2sprintf.o(.text)
    __printf                                 0x080002b5   Thumb Code   104  __printf.o(.text)
    _printf_int_dec                          0x0800031d   Thumb Code   104  _printf_dec.o(.text)
    __use_two_region_memory                  0x08000395   Thumb Code     2  heapauxi.o(.text)
    __rt_heap_escrow$2region                 0x08000397   Thumb Code     2  heapauxi.o(.text)
    __rt_heap_expand$2region                 0x08000399   Thumb Code     2  heapauxi.o(.text)
    _printf_int_common                       0x0800039b   Thumb Code   178  _printf_intcommon.o(.text)
    __lib_sel_fp_printf                      0x0800044d   Thumb Code     2  _printf_fp_dec.o(.text)
    _printf_fp_dec_real                      0x080005ff   Thumb Code   620  _printf_fp_dec.o(.text)
    _printf_char_common                      0x08000877   Thumb Code    32  _printf_char_common.o(.text)
    _sputc                                   0x0800089d   Thumb Code    10  _sputc.o(.text)
    __rt_locale                              0x080008a9   Thumb Code     8  rt_locale_intlibspace.o(.text)
    _ll_udiv10                               0x080008b1   Thumb Code   138  lludiv10.o(.text)
    _printf_fp_infnan                        0x0800093d   Thumb Code   112  _printf_fp_infnan.o(.text)
    _btod_etento                             0x080009bd   Thumb Code   224  bigflt0.o(.text)
    __user_libspace                          0x08000aa1   Thumb Code     8  libspace.o(.text)
    __user_perproc_libspace                  0x08000aa1   Thumb Code     0  libspace.o(.text)
    __user_perthread_libspace                0x08000aa1   Thumb Code     0  libspace.o(.text)
    __user_setup_stackheap                   0x08000aa9   Thumb Code    74  sys_stackheap_outer.o(.text)
    exit                                     0x08000af3   Thumb Code    18  exit.o(.text)
    strcmp                                   0x08000b05   Thumb Code   128  strcmpv7m.o(.text)
    _sys_exit                                0x08000b85   Thumb Code     8  sys_exit.o(.text)
    __I$use$semihosting                      0x08000b91   Thumb Code     0  use_no_semi.o(.text)
    __use_no_semihosting_swi                 0x08000b91   Thumb Code     2  use_no_semi.o(.text)
    __semihosting_library_function           0x08000b93   Thumb Code     0  indicate_semi.o(.text)
    _btod_d2e                                0x08000b93   Thumb Code    62  btod.o(CL$$btod_d2e)
    _d2e_denorm_low                          0x08000bd1   Thumb Code    70  btod.o(CL$$btod_d2e_denorm_low)
    _d2e_norm_op1                            0x08000c17   Thumb Code    96  btod.o(CL$$btod_d2e_norm_op1)
    __btod_div_common                        0x08000c77   Thumb Code   696  btod.o(CL$$btod_div_common)
    _e2e                                     0x08000faf   Thumb Code   220  btod.o(CL$$btod_e2e)
    _btod_ediv                               0x0800108b   Thumb Code    42  btod.o(CL$$btod_ediv)
    _btod_emul                               0x080010b5   Thumb Code    42  btod.o(CL$$btod_emul)
    __btod_mult_common                       0x080010df   Thumb Code   580  btod.o(CL$$btod_mult_common)
    BusFault_Handler                         0x08001323   Thumb Code     4  stm32f10x_it.o(i.BusFault_Handler)
    DebugMon_Handler                         0x08001327   Thumb Code     2  stm32f10x_it.o(i.DebugMon_Handler)
    GPIO_Init                                0x08001329   Thumb Code   278  stm32f10x_gpio.o(i.GPIO_Init)
    HardFault_Handler                        0x0800143f   Thumb Code     4  stm32f10x_it.o(i.HardFault_Handler)
    MemManage_Handler                        0x08001443   Thumb Code     4  stm32f10x_it.o(i.MemManage_Handler)
    NMI_Handler                              0x08001447   Thumb Code     2  stm32f10x_it.o(i.NMI_Handler)
    NVIC_Init                                0x08001461   Thumb Code   100  misc.o(i.NVIC_Init)
    NVIC_PriorityGroupConfig                 0x080014d1   Thumb Code    10  misc.o(i.NVIC_PriorityGroupConfig)
    RCC_APB1PeriphClockCmd                   0x080014e5   Thumb Code    26  stm32f10x_rcc.o(i.RCC_APB1PeriphClockCmd)
    RCC_APB2PeriphClockCmd                   0x08001505   Thumb Code    26  stm32f10x_rcc.o(i.RCC_APB2PeriphClockCmd)
    RCC_GetClocksFreq                        0x08001525   Thumb Code   192  stm32f10x_rcc.o(i.RCC_GetClocksFreq)
    SysTick_CLKSourceConfig                  0x080016e1   Thumb Code    40  misc.o(i.SysTick_CLKSourceConfig)
    SysTick_Handler                          0x08001709   Thumb Code    28  port.o(i.SysTick_Handler)
    SystemInit                               0x08001729   Thumb Code    78  system_stm32f10x.o(i.SystemInit)
    TIM4_IRQHandler                          0x08001789   Thumb Code    76  main.o(i.TIM4_IRQHandler)
    TIM_ClearITPendingBit                    0x080017e5   Thumb Code     6  stm32f10x_tim.o(i.TIM_ClearITPendingBit)
    TIM_Cmd                                  0x080017eb   Thumb Code    24  stm32f10x_tim.o(i.TIM_Cmd)
    TIM_GetITStatus                          0x08001803   Thumb Code    34  stm32f10x_tim.o(i.TIM_GetITStatus)
    TIM_ITConfig                             0x08001825   Thumb Code    18  stm32f10x_tim.o(i.TIM_ITConfig)
    TIM_TimeBaseInit                         0x08001839   Thumb Code   122  stm32f10x_tim.o(i.TIM_TimeBaseInit)
    USART1_IRQHandler                        0x080018dd   Thumb Code    24  main.o(i.USART1_IRQHandler)
    USART_Cmd                                0x080018fd   Thumb Code    24  stm32f10x_usart.o(i.USART_Cmd)
    USART_ITConfig                           0x08001915   Thumb Code    74  stm32f10x_usart.o(i.USART_ITConfig)
    USART_Init                               0x08001961   Thumb Code   210  stm32f10x_usart.o(i.USART_Init)
    USART_SendData                           0x08001a39   Thumb Code     8  stm32f10x_usart.o(i.USART_SendData)
    UsageFault_Handler                       0x08001a41   Thumb Code     4  stm32f10x_it.o(i.UsageFault_Handler)
    __ARM_fpclassify                         0x08001a45   Thumb Code    40  fpclassify.o(i.__ARM_fpclassify)
    delay_init                               0x08001a6d   Thumb Code    50  delay.o(i.delay_init)
    led_init                                 0x08001ab1   Thumb Code    40  main.o(i.led_init)
    led_task                                 0x08001add   Thumb Code    10  main.o(i.led_task)
    main                                     0x08001ae9   Thumb Code   138  main.o(i.main)
    pvPortMalloc                             0x08001dd1   Thumb Code    98  heap_1.o(i.pvPortMalloc)
    pxPortInitialiseStack                    0x08001e41   Thumb Code    26  port.o(i.pxPortInitialiseStack)
    sum_task                                 0x08001e61   Thumb Code   178  main.o(i.sum_task)
    timer_init                               0x08001f5d   Thumb Code   126  main.o(i.timer_init)
    usart1_config                            0x08001fe9   Thumb Code   182  main.o(i.usart1_config)
    usart_task                               0x080020a9   Thumb Code     4  main.o(i.usart_task)
    uxListRemove                             0x080020ad   Thumb Code    40  list.o(i.uxListRemove)
    vListInitialise                          0x080020d5   Thumb Code    26  list.o(i.vListInitialise)
    vListInitialiseItem                      0x080020ef   Thumb Code     6  list.o(i.vListInitialiseItem)
    vListInsert                              0x080020f5   Thumb Code    52  list.o(i.vListInsert)
    vListInsertEnd                           0x08002129   Thumb Code    24  list.o(i.vListInsertEnd)
    vPortEnterCritical                       0x08002141   Thumb Code    26  port.o(i.vPortEnterCritical)
    vPortExitCritical                        0x08002161   Thumb Code    26  port.o(i.vPortExitCritical)
    vPortFree                                0x08002181   Thumb Code     2  heap_1.o(i.vPortFree)
    vPortSetupTimerInterrupt                 0x08002185   Thumb Code    14  port.o(i.vPortSetupTimerInterrupt)
    vPortYield                               0x08002199   Thumb Code    18  port.o(i.vPortYield)
    vTaskDelay                               0x080021b1   Thumb Code    72  tasks.o(i.vTaskDelay)
    vTaskStartScheduler                      0x08002205   Thumb Code    58  tasks.o(i.vTaskStartScheduler)
    vTaskSuspendAll                          0x08002259   Thumb Code    12  tasks.o(i.vTaskSuspendAll)
    vTaskSwitchContext                       0x08002269   Thumb Code    76  tasks.o(i.vTaskSwitchContext)
    xPortStartScheduler                      0x080022c9   Thumb Code    42  port.o(i.xPortStartScheduler)
    xTaskGenericCreate                       0x080022fd   Thumb Code   226  tasks.o(i.xTaskGenericCreate)
    xTaskIncrementTick                       0x080023f9   Thumb Code   242  tasks.o(i.xTaskIncrementTick)
    xTaskResumeAll                           0x08002519   Thumb Code   186  tasks.o(i.xTaskResumeAll)
    _get_lc_numeric                          0x080025f5   Thumb Code    44  lc_numeric_c.o(locale$$code)
    __aeabi_d2f                              0x08002621   Thumb Code     0  d2f.o(x$fpl$d2f)
    _d2f                                     0x08002621   Thumb Code    98  d2f.o(x$fpl$d2f)
    __aeabi_dadd                             0x08002685   Thumb Code     0  daddsub_clz.o(x$fpl$dadd)
    _dadd                                    0x08002685   Thumb Code   332  daddsub_clz.o(x$fpl$dadd)
    __fpl_dnaninf                            0x080027d5   Thumb Code   156  dnaninf.o(x$fpl$dnaninf)
    __fpl_dretinf                            0x08002871   Thumb Code    12  dretinf.o(x$fpl$dretinf)
    __aeabi_dsub                             0x0800287d   Thumb Code     0  daddsub_clz.o(x$fpl$dsub)
    _dsub                                    0x0800287d   Thumb Code   464  daddsub_clz.o(x$fpl$dsub)
    __aeabi_f2d                              0x08002a51   Thumb Code     0  f2d.o(x$fpl$f2d)
    _f2d                                     0x08002a51   Thumb Code    86  f2d.o(x$fpl$f2d)
    __fpl_fnaninf                            0x08002aa7   Thumb Code   140  fnaninf.o(x$fpl$fnaninf)
    __fpl_fretinf                            0x08002b33   Thumb Code    10  fretinf.o(x$fpl$fretinf)
    _printf_fp_dec                           0x08002b3d   Thumb Code     4  printf1.o(x$fpl$printf1)
    __I$use$fp                               0x08002b40   Number         0  usenofp.o(x$fpl$usenofp)
    Region$$Table$$Base                      0x08002bd4   Number         0  anon$$obj.o(Region$$Table)
    Region$$Table$$Limit                     0x08002bf4   Number         0  anon$$obj.o(Region$$Table)
    a                                        0x20000000   Data           4  main.o(.data)
    b                                        0x20000004   Data           4  main.o(.data)
    c                                        0x20000008   Data           4  main.o(.data)
    d                                        0x2000000c   Data           4  main.o(.data)
    e                                        0x20000010   Data           4  main.o(.data)
    f                                        0x20000014   Data           4  main.o(.data)
    data                                     0x20000018   Data           2  main.o(.data)
    high                                     0x2000001a   Data           1  main.o(.data)
    low                                      0x2000001b   Data           1  main.o(.data)
    combine                                  0x2000001c   Data           2  main.o(.data)
    SystemCoreClock                          0x20000024   Data           4  system_stm32f10x.o(.data)
    AHBPrescTable                            0x20000028   Data          16  system_stm32f10x.o(.data)
    pxCurrentTCB                             0x20000050   Data           4  tasks.o(.data)
    send_buffer                              0x20000094   Data         100  main.o(.bss)
    __libspace_start                         0x200045c0   Data          96  libspace.o(.bss)
    __temporary_stack_top$libspace           0x20004620   Data           0  libspace.o(.bss)



==============================================================================

Memory Map of the image

  Image Entry point : 0x0800024d

  Load Region LR_1 (Base: 0x08000000, Size: 0x00002ca4, Max: 0xffffffff, ABSOLUTE)

    Execution Region ER_RO (Exec base: 0x08000000, Load base: 0x08000000, Size: 0x00002c10, Max: 0xffffffff, ABSOLUTE)

    Exec Addr    Load Addr    Size         Type   Attr      Idx    E Section Name        Object

    0x08000000   0x08000000   0x000000ec   Data   RO         2298    RESET               startup_stm32f10x_md.o
    0x080000ec   0x080000ec   0x00000008   Code   RO         2962  * !!!main             c_w.l(__main.o)
    0x080000f4   0x080000f4   0x00000034   Code   RO         3196    !!!scatter          c_w.l(__scatter.o)
    0x08000128   0x08000128   0x0000001a   Code   RO         3198    !!handler_copy      c_w.l(__scatter_copy.o)
    0x08000142   0x08000142   0x00000002   PAD
    0x08000144   0x08000144   0x0000001c   Code   RO         3200    !!handler_zi        c_w.l(__scatter_zi.o)
    0x08000160   0x08000160   0x00000000   Code   RO         2957    .ARM.Collect$$_printf_percent$$00000000  c_w.l(_printf_percent.o)
    0x08000160   0x08000160   0x00000006   Code   RO         2956    .ARM.Collect$$_printf_percent$$00000003  c_w.l(_printf_f.o)
    0x08000166   0x08000166   0x00000006   Code   RO         2955    .ARM.Collect$$_printf_percent$$00000009  c_w.l(_printf_d.o)
    0x0800016c   0x0800016c   0x00000004   Code   RO         2985    .ARM.Collect$$_printf_percent$$00000017  c_w.l(_printf_percent_end.o)
    0x08000170   0x08000170   0x00000002   Code   RO         3069    .ARM.Collect$$libinit$$00000000  c_w.l(libinit.o)
    0x08000172   0x08000172   0x00000000   Code   RO         3071    .ARM.Collect$$libinit$$00000002  c_w.l(libinit2.o)
    0x08000172   0x08000172   0x00000000   Code   RO         3073    .ARM.Collect$$libinit$$00000004  c_w.l(libinit2.o)
    0x08000172   0x08000172   0x00000000   Code   RO         3076    .ARM.Collect$$libinit$$0000000A  c_w.l(libinit2.o)
    0x08000172   0x08000172   0x00000000   Code   RO         3078    .ARM.Collect$$libinit$$0000000C  c_w.l(libinit2.o)
    0x08000172   0x08000172   0x00000000   Code   RO         3080    .ARM.Collect$$libinit$$0000000E  c_w.l(libinit2.o)
    0x08000172   0x08000172   0x00000006   Code   RO         3081    .ARM.Collect$$libinit$$0000000F  c_w.l(libinit2.o)
    0x08000178   0x08000178   0x00000000   Code   RO         3083    .ARM.Collect$$libinit$$00000011  c_w.l(libinit2.o)
    0x08000178   0x08000178   0x00000000   Code   RO         3085    .ARM.Collect$$libinit$$00000013  c_w.l(libinit2.o)
    0x08000178   0x08000178   0x00000000   Code   RO         3087    .ARM.Collect$$libinit$$00000015  c_w.l(libinit2.o)
    0x08000178   0x08000178   0x0000000a   Code   RO         3088    .ARM.Collect$$libinit$$00000016  c_w.l(libinit2.o)
    0x08000182   0x08000182   0x00000000   Code   RO         3089    .ARM.Collect$$libinit$$00000017  c_w.l(libinit2.o)
    0x08000182   0x08000182   0x00000000   Code   RO         3091    .ARM.Collect$$libinit$$00000019  c_w.l(libinit2.o)
    0x08000182   0x08000182   0x00000000   Code   RO         3093    .ARM.Collect$$libinit$$0000001B  c_w.l(libinit2.o)
    0x08000182   0x08000182   0x00000000   Code   RO         3095    .ARM.Collect$$libinit$$0000001D  c_w.l(libinit2.o)
    0x08000182   0x08000182   0x00000000   Code   RO         3097    .ARM.Collect$$libinit$$0000001F  c_w.l(libinit2.o)
    0x08000182   0x08000182   0x00000000   Code   RO         3099    .ARM.Collect$$libinit$$00000021  c_w.l(libinit2.o)
    0x08000182   0x08000182   0x00000000   Code   RO         3101    .ARM.Collect$$libinit$$00000023  c_w.l(libinit2.o)
    0x08000182   0x08000182   0x00000000   Code   RO         3103    .ARM.Collect$$libinit$$00000025  c_w.l(libinit2.o)
    0x08000182   0x08000182   0x00000000   Code   RO         3107    .ARM.Collect$$libinit$$0000002C  c_w.l(libinit2.o)
    0x08000182   0x08000182   0x00000000   Code   RO         3109    .ARM.Collect$$libinit$$0000002E  c_w.l(libinit2.o)
    0x08000182   0x08000182   0x00000000   Code   RO         3111    .ARM.Collect$$libinit$$00000030  c_w.l(libinit2.o)
    0x08000182   0x08000182   0x00000000   Code   RO         3113    .ARM.Collect$$libinit$$00000032  c_w.l(libinit2.o)
    0x08000182   0x08000182   0x00000002   Code   RO         3114    .ARM.Collect$$libinit$$00000033  c_w.l(libinit2.o)
    0x08000184   0x08000184   0x00000002   Code   RO         3144    .ARM.Collect$$libshutdown$$00000000  c_w.l(libshutdown.o)
    0x08000186   0x08000186   0x00000000   Code   RO         3155    .ARM.Collect$$libshutdown$$00000002  c_w.l(libshutdown2.o)
    0x08000186   0x08000186   0x00000000   Code   RO         3157    .ARM.Collect$$libshutdown$$00000004  c_w.l(libshutdown2.o)
    0x08000186   0x08000186   0x00000000   Code   RO         3160    .ARM.Collect$$libshutdown$$00000007  c_w.l(libshutdown2.o)
    0x08000186   0x08000186   0x00000000   Code   RO         3163    .ARM.Collect$$libshutdown$$0000000A  c_w.l(libshutdown2.o)
    0x08000186   0x08000186   0x00000000   Code   RO         3165    .ARM.Collect$$libshutdown$$0000000C  c_w.l(libshutdown2.o)
    0x08000186   0x08000186   0x00000000   Code   RO         3168    .ARM.Collect$$libshutdown$$0000000F  c_w.l(libshutdown2.o)
    0x08000186   0x08000186   0x00000002   Code   RO         3169    .ARM.Collect$$libshutdown$$00000010  c_w.l(libshutdown2.o)
    0x08000188   0x08000188   0x00000000   Code   RO         2976    .ARM.Collect$$rtentry$$00000000  c_w.l(__rtentry.o)
    0x08000188   0x08000188   0x00000000   Code   RO         2998    .ARM.Collect$$rtentry$$00000002  c_w.l(__rtentry2.o)
    0x08000188   0x08000188   0x00000006   Code   RO         3010    .ARM.Collect$$rtentry$$00000004  c_w.l(__rtentry4.o)
    0x0800018e   0x0800018e   0x00000000   Code   RO         3000    .ARM.Collect$$rtentry$$00000009  c_w.l(__rtentry2.o)
    0x0800018e   0x0800018e   0x00000004   Code   RO         3001    .ARM.Collect$$rtentry$$0000000A  c_w.l(__rtentry2.o)
    0x08000192   0x08000192   0x00000000   Code   RO         3003    .ARM.Collect$$rtentry$$0000000C  c_w.l(__rtentry2.o)
    0x08000192   0x08000192   0x00000008   Code   RO         3004    .ARM.Collect$$rtentry$$0000000D  c_w.l(__rtentry2.o)
    0x0800019a   0x0800019a   0x00000002   Code   RO         3115    .ARM.Collect$$rtexit$$00000000  c_w.l(rtexit.o)
    0x0800019c   0x0800019c   0x00000000   Code   RO         3122    .ARM.Collect$$rtexit$$00000002  c_w.l(rtexit2.o)
    0x0800019c   0x0800019c   0x00000004   Code   RO         3123    .ARM.Collect$$rtexit$$00000003  c_w.l(rtexit2.o)
    0x080001a0   0x080001a0   0x00000006   Code   RO         3124    .ARM.Collect$$rtexit$$00000004  c_w.l(rtexit2.o)
    0x080001a6   0x080001a6   0x00000002   PAD
    0x080001a8   0x080001a8   0x000000a2   Code   RO         2741    .emb_text           port.o
    0x0800024a   0x0800024a   0x00000002   PAD
    0x0800024c   0x0800024c   0x00000040   Code   RO         2299  * .text               startup_stm32f10x_md.o
    0x0800028c   0x0800028c   0x00000028   Code   RO         2929    .text               c_w.l(noretval__2sprintf.o)
    0x080002b4   0x080002b4   0x00000068   Code   RO         2931    .text               c_w.l(__printf.o)
    0x0800031c   0x0800031c   0x00000078   Code   RO         2933    .text               c_w.l(_printf_dec.o)
    0x08000394   0x08000394   0x00000006   Code   RO         2960    .text               c_w.l(heapauxi.o)
    0x0800039a   0x0800039a   0x000000b2   Code   RO         2977    .text               c_w.l(_printf_intcommon.o)
    0x0800044c   0x0800044c   0x0000041e   Code   RO         2979    .text               c_w.l(_printf_fp_dec.o)
    0x0800086a   0x0800086a   0x00000002   PAD
    0x0800086c   0x0800086c   0x00000030   Code   RO         2981    .text               c_w.l(_printf_char_common.o)
    0x0800089c   0x0800089c   0x0000000a   Code   RO         2983    .text               c_w.l(_sputc.o)
    0x080008a6   0x080008a6   0x00000002   PAD
    0x080008a8   0x080008a8   0x00000008   Code   RO         3015    .text               c_w.l(rt_locale_intlibspace.o)
    0x080008b0   0x080008b0   0x0000008a   Code   RO         3017    .text               c_w.l(lludiv10.o)
    0x0800093a   0x0800093a   0x00000002   PAD
    0x0800093c   0x0800093c   0x00000080   Code   RO         3019    .text               c_w.l(_printf_fp_infnan.o)
    0x080009bc   0x080009bc   0x000000e4   Code   RO         3023    .text               c_w.l(bigflt0.o)
    0x08000aa0   0x08000aa0   0x00000008   Code   RO         3055    .text               c_w.l(libspace.o)
    0x08000aa8   0x08000aa8   0x0000004a   Code   RO         3058    .text               c_w.l(sys_stackheap_outer.o)
    0x08000af2   0x08000af2   0x00000012   Code   RO         3060    .text               c_w.l(exit.o)
    0x08000b04   0x08000b04   0x00000080   Code   RO         3062    .text               c_w.l(strcmpv7m.o)
    0x08000b84   0x08000b84   0x0000000c   Code   RO         3134    .text               c_w.l(sys_exit.o)
    0x08000b90   0x08000b90   0x00000002   Code   RO         3145    .text               c_w.l(use_no_semi.o)
    0x08000b92   0x08000b92   0x00000000   Code   RO         3147    .text               c_w.l(indicate_semi.o)
    0x08000b92   0x08000b92   0x0000003e   Code   RO         3026    CL$$btod_d2e        c_w.l(btod.o)
    0x08000bd0   0x08000bd0   0x00000046   Code   RO         3028    CL$$btod_d2e_denorm_low  c_w.l(btod.o)
    0x08000c16   0x08000c16   0x00000060   Code   RO         3027    CL$$btod_d2e_norm_op1  c_w.l(btod.o)
    0x08000c76   0x08000c76   0x00000338   Code   RO         3036    CL$$btod_div_common  c_w.l(btod.o)
    0x08000fae   0x08000fae   0x000000dc   Code   RO         3033    CL$$btod_e2e        c_w.l(btod.o)
    0x0800108a   0x0800108a   0x0000002a   Code   RO         3030    CL$$btod_ediv       c_w.l(btod.o)
    0x080010b4   0x080010b4   0x0000002a   Code   RO         3029    CL$$btod_emul       c_w.l(btod.o)
    0x080010de   0x080010de   0x00000244   Code   RO         3035    CL$$btod_mult_common  c_w.l(btod.o)
    0x08001322   0x08001322   0x00000004   Code   RO          262    i.BusFault_Handler  stm32f10x_it.o
    0x08001326   0x08001326   0x00000002   Code   RO          263    i.DebugMon_Handler  stm32f10x_it.o
    0x08001328   0x08001328   0x00000116   Code   RO          504    i.GPIO_Init         stm32f10x_gpio.o
    0x0800143e   0x0800143e   0x00000004   Code   RO          264    i.HardFault_Handler  stm32f10x_it.o
    0x08001442   0x08001442   0x00000004   Code   RO          265    i.MemManage_Handler  stm32f10x_it.o
    0x08001446   0x08001446   0x00000002   Code   RO          266    i.NMI_Handler       stm32f10x_it.o
    0x08001448   0x08001448   0x00000016   Code   RO            1    i.NVIC_EnableIRQ    main.o
    0x0800145e   0x0800145e   0x00000002   PAD
    0x08001460   0x08001460   0x00000070   Code   RO          462    i.NVIC_Init         misc.o
    0x080014d0   0x080014d0   0x00000014   Code   RO          463    i.NVIC_PriorityGroupConfig  misc.o
    0x080014e4   0x080014e4   0x00000020   Code   RO          614    i.RCC_APB1PeriphClockCmd  stm32f10x_rcc.o
    0x08001504   0x08001504   0x00000020   Code   RO          616    i.RCC_APB2PeriphClockCmd  stm32f10x_rcc.o
    0x08001524   0x08001524   0x000000d4   Code   RO          624    i.RCC_GetClocksFreq  stm32f10x_rcc.o
    0x080015f8   0x080015f8   0x00000008   Code   RO          333    i.SetSysClock       system_stm32f10x.o
    0x08001600   0x08001600   0x000000e0   Code   RO          334    i.SetSysClockTo72   system_stm32f10x.o
    0x080016e0   0x080016e0   0x00000028   Code   RO          466    i.SysTick_CLKSourceConfig  misc.o
    0x08001708   0x08001708   0x00000020   Code   RO         2742    i.SysTick_Handler   port.o
    0x08001728   0x08001728   0x00000060   Code   RO          336    i.SystemInit        system_stm32f10x.o
    0x08001788   0x08001788   0x0000005c   Code   RO            2    i.TIM4_IRQHandler   main.o
    0x080017e4   0x080017e4   0x00000006   Code   RO          823    i.TIM_ClearITPendingBit  stm32f10x_tim.o
    0x080017ea   0x080017ea   0x00000018   Code   RO          828    i.TIM_Cmd           stm32f10x_tim.o
    0x08001802   0x08001802   0x00000022   Code   RO          849    i.TIM_GetITStatus   stm32f10x_tim.o
    0x08001824   0x08001824   0x00000012   Code   RO          853    i.TIM_ITConfig      stm32f10x_tim.o
    0x08001836   0x08001836   0x00000002   PAD
    0x08001838   0x08001838   0x000000a4   Code   RO          899    i.TIM_TimeBaseInit  stm32f10x_tim.o
    0x080018dc   0x080018dc   0x00000020   Code   RO            3    i.USART1_IRQHandler  main.o
    0x080018fc   0x080018fc   0x00000018   Code   RO         1364    i.USART_Cmd         stm32f10x_usart.o
    0x08001914   0x08001914   0x0000004a   Code   RO         1370    i.USART_ITConfig    stm32f10x_usart.o
    0x0800195e   0x0800195e   0x00000002   PAD
    0x08001960   0x08001960   0x000000d8   Code   RO         1371    i.USART_Init        stm32f10x_usart.o
    0x08001a38   0x08001a38   0x00000008   Code   RO         1381    i.USART_SendData    stm32f10x_usart.o
    0x08001a40   0x08001a40   0x00000004   Code   RO          267    i.UsageFault_Handler  stm32f10x_it.o
    0x08001a44   0x08001a44   0x00000028   Code   RO         3053    i.__ARM_fpclassify  m_ws.l(fpclassify.o)
    0x08001a6c   0x08001a6c   0x00000044   Code   RO          367    i.delay_init        delay.o
    0x08001ab0   0x08001ab0   0x0000002c   Code   RO            7    i.led_init          main.o
    0x08001adc   0x08001adc   0x0000000a   Code   RO            8    i.led_task          main.o
    0x08001ae6   0x08001ae6   0x00000002   PAD
    0x08001ae8   0x08001ae8   0x000000cc   Code   RO            9    i.main              main.o
    0x08001bb4   0x08001bb4   0x00000054   Code   RO         2313    i.prvAddCurrentTaskToDelayedList  tasks.o
    0x08001c08   0x08001c08   0x00000036   Code   RO         2314    i.prvAllocateTCBAndStack  tasks.o
    0x08001c3e   0x08001c3e   0x00000002   PAD
    0x08001c40   0x08001c40   0x00000064   Code   RO         2315    i.prvCheckTasksWaitingTermination  tasks.o
    0x08001ca4   0x08001ca4   0x00000012   Code   RO         2316    i.prvDeleteTCB      tasks.o
    0x08001cb6   0x08001cb6   0x00000002   PAD
    0x08001cb8   0x08001cb8   0x00000018   Code   RO         2317    i.prvIdleTask       tasks.o
    0x08001cd0   0x08001cd0   0x0000005c   Code   RO         2318    i.prvInitialiseTCBVariables  tasks.o
    0x08001d2c   0x08001d2c   0x00000068   Code   RO         2319    i.prvInitialiseTaskLists  tasks.o
    0x08001d94   0x08001d94   0x00000034   Code   RO         2320    i.prvResetNextTaskUnblockTime  tasks.o
    0x08001dc8   0x08001dc8   0x00000008   Code   RO         2743    i.prvTaskExitError  port.o
    0x08001dd0   0x08001dd0   0x00000070   Code   RO         2708    i.pvPortMalloc      heap_1.o
    0x08001e40   0x08001e40   0x00000020   Code   RO         2744    i.pxPortInitialiseStack  port.o
    0x08001e60   0x08001e60   0x000000fc   Code   RO           10    i.sum_task          main.o
    0x08001f5c   0x08001f5c   0x0000008c   Code   RO           11    i.timer_init        main.o
    0x08001fe8   0x08001fe8   0x000000c0   Code   RO           12    i.usart1_config     main.o
    0x080020a8   0x080020a8   0x00000004   Code   RO           18    i.usart_task        main.o
    0x080020ac   0x080020ac   0x00000028   Code   RO         2889    i.uxListRemove      list.o
    0x080020d4   0x080020d4   0x0000001a   Code   RO         2890    i.vListInitialise   list.o
    0x080020ee   0x080020ee   0x00000006   Code   RO         2891    i.vListInitialiseItem  list.o
    0x080020f4   0x080020f4   0x00000034   Code   RO         2892    i.vListInsert       list.o
    0x08002128   0x08002128   0x00000018   Code   RO         2893    i.vListInsertEnd    list.o
    0x08002140   0x08002140   0x00000020   Code   RO         2746    i.vPortEnterCritical  port.o
    0x08002160   0x08002160   0x00000020   Code   RO         2747    i.vPortExitCritical  port.o
    0x08002180   0x08002180   0x00000002   Code   RO         2709    i.vPortFree         heap_1.o
    0x08002182   0x08002182   0x00000002   PAD
    0x08002184   0x08002184   0x00000014   Code   RO         2748    i.vPortSetupTimerInterrupt  port.o
    0x08002198   0x08002198   0x00000018   Code   RO         2749    i.vPortYield        port.o
    0x080021b0   0x080021b0   0x00000054   Code   RO         2327    i.vTaskDelay        tasks.o
    0x08002204   0x08002204   0x00000054   Code   RO         2338    i.vTaskStartScheduler  tasks.o
    0x08002258   0x08002258   0x00000010   Code   RO         2340    i.vTaskSuspendAll   tasks.o
    0x08002268   0x08002268   0x00000060   Code   RO         2341    i.vTaskSwitchContext  tasks.o
    0x080022c8   0x080022c8   0x00000034   Code   RO         2750    i.xPortStartScheduler  port.o
    0x080022fc   0x080022fc   0x000000fc   Code   RO         2343    i.xTaskGenericCreate  tasks.o
    0x080023f8   0x080023f8   0x00000120   Code   RO         2348    i.xTaskIncrementTick  tasks.o
    0x08002518   0x08002518   0x000000dc   Code   RO         2353    i.xTaskResumeAll    tasks.o
    0x080025f4   0x080025f4   0x0000002c   Code   RO         3049    locale$$code        c_w.l(lc_numeric_c.o)
    0x08002620   0x08002620   0x00000062   Code   RO         2964    x$fpl$d2f           fz_ws.l(d2f.o)
    0x08002682   0x08002682   0x00000002   PAD
    0x08002684   0x08002684   0x00000150   Code   RO         2966    x$fpl$dadd          fz_ws.l(daddsub_clz.o)
    0x080027d4   0x080027d4   0x0000009c   Code   RO         2988    x$fpl$dnaninf       fz_ws.l(dnaninf.o)
    0x08002870   0x08002870   0x0000000c   Code   RO         2990    x$fpl$dretinf       fz_ws.l(dretinf.o)
    0x0800287c   0x0800287c   0x000001d4   Code   RO         2968    x$fpl$dsub          fz_ws.l(daddsub_clz.o)
    0x08002a50   0x08002a50   0x00000056   Code   RO         2972    x$fpl$f2d           fz_ws.l(f2d.o)
    0x08002aa6   0x08002aa6   0x0000008c   Code   RO         2992    x$fpl$fnaninf       fz_ws.l(fnaninf.o)
    0x08002b32   0x08002b32   0x0000000a   Code   RO         2994    x$fpl$fretinf       fz_ws.l(fretinf.o)
    0x08002b3c   0x08002b3c   0x00000004   Code   RO         2974    x$fpl$printf1       fz_ws.l(printf1.o)
    0x08002b40   0x08002b40   0x00000000   Code   RO         2996    x$fpl$usenofp       fz_ws.l(usenofp.o)
    0x08002b40   0x08002b40   0x00000094   Data   RO         3024    .constdata          c_w.l(bigflt0.o)
    0x08002bd4   0x08002bd4   0x00000020   Data   RO         3194    Region$$Table       anon$$obj.o
    0x08002bf4   0x08002bf4   0x0000001c   Data   RO         3048    locale$$data        c_w.l(lc_numeric_c.o)


    Execution Region ER_RW (Exec base: 0x20000000, Load base: 0x08002c10, Size: 0x00000094, Max: 0xffffffff, ABSOLUTE)

    Exec Addr    Load Addr    Size         Type   Attr      Idx    E Section Name        Object

    0x20000000   0x08002c10   0x00000022   Data   RW           20    .data               main.o
    0x20000022   0x08002c32   0x00000002   PAD
    0x20000024   0x08002c34   0x00000014   Data   RW          337    .data               system_stm32f10x.o
    0x20000038   0x08002c48   0x00000004   Data   RW          370    .data               delay.o
    0x2000003c   0x08002c4c   0x00000014   Data   RW          644    .data               stm32f10x_rcc.o
    0x20000050   0x08002c60   0x00000038   Data   RW         2356    .data               tasks.o
    0x20000088   0x08002c98   0x00000008   Data   RW         2713    .data               heap_1.o
    0x20000090   0x08002ca0   0x00000004   Data   RW         2751    .data               port.o


    Execution Region ER_ZI (Exec base: 0x20000094, Load base: 0x08002ca4, Size: 0x00004b8c, Max: 0xffffffff, ABSOLUTE)

    Exec Addr    Load Addr    Size         Type   Attr      Idx    E Section Name        Object

    0x20000094        -       0x00000064   Zero   RW           19    .bss                main.o
    0x200000f8        -       0x000000c8   Zero   RW         2355    .bss                tasks.o
    0x200001c0        -       0x00004400   Zero   RW         2712    .bss                heap_1.o
    0x200045c0        -       0x00000060   Zero   RW         3056    .bss                c_w.l(libspace.o)
    0x20004620        -       0x00000200   Zero   RW         2297    HEAP                startup_stm32f10x_md.o
    0x20004820        -       0x00000400   Zero   RW         2296    STACK               startup_stm32f10x_md.o


==============================================================================

Image component sizes


      Code (inc. data)   RO Data    RW Data    ZI Data      Debug   Object Name

        68         18          0          4          0        613   delay.o
       114         14          0          8      17408       1815   heap_1.o
       148          0          0          0          0       2830   list.o
       992        192          0         34        100     281299   main.o
       172         22          0          0          0       1829   misc.o
       394         56          0          4          0       6365   port.o
        64         26        236          0       1536        768   startup_stm32f10x_md.o
       278          0          0          0          0       1840   stm32f10x_gpio.o
        20          0          0          0          0       2277   stm32f10x_it.o
       276         32          0         20          0       4166   stm32f10x_rcc.o
       246         42          0          0          0       3226   stm32f10x_tim.o
       322          6          0          0          0       3951   stm32f10x_usart.o
         0          0          0          0          0         32   sys.o
       328         28          0         20          0       1905   system_stm32f10x.o
      1568        252          0         56        200      13440   tasks.o

    ----------------------------------------------------------------------
      5006        688        268        148      19244     326356   Object Totals
         0          0         32          0          0          0   (incl. Generated)
        16          0          0          2          0          0   (incl. Padding)

    ----------------------------------------------------------------------

      Code (inc. data)   RO Data    RW Data    ZI Data      Debug   Library Member Name

         8          0          0          0          0         68   __main.o
       104          0          0          0          0         84   __printf.o
         0          0          0          0          0          0   __rtentry.o
        12          0          0          0          0          0   __rtentry2.o
         6          0          0          0          0          0   __rtentry4.o
        52          8          0          0          0          0   __scatter.o
        26          0          0          0          0          0   __scatter_copy.o
        28          0          0          0          0          0   __scatter_zi.o
        48          6          0          0          0         96   _printf_char_common.o
         6          0          0          0          0          0   _printf_d.o
       120         16          0          0          0         92   _printf_dec.o
         6          0          0          0          0          0   _printf_f.o
      1054          0          0          0          0        216   _printf_fp_dec.o
       128         16          0          0          0         84   _printf_fp_infnan.o
       178          0          0          0          0         88   _printf_intcommon.o
         0          0          0          0          0          0   _printf_percent.o
         4          0          0          0          0          0   _printf_percent_end.o
        10          0          0          0          0         68   _sputc.o
       228          4        148          0          0         96   bigflt0.o
      1936        128          0          0          0        672   btod.o
        18          0          0          0          0         80   exit.o
         6          0          0          0          0        152   heapauxi.o
         0          0          0          0          0          0   indicate_semi.o
        44         10         28          0          0         76   lc_numeric_c.o
         2          0          0          0          0          0   libinit.o
        18          0          0          0          0          0   libinit2.o
         2          0          0          0          0          0   libshutdown.o
         2          0          0          0          0          0   libshutdown2.o
         8          4          0          0         96         68   libspace.o
       138          0          0          0          0         80   lludiv10.o
        40          6          0          0          0         84   noretval__2sprintf.o
         8          4          0          0          0         68   rt_locale_intlibspace.o
         2          0          0          0          0          0   rtexit.o
        10          0          0          0          0          0   rtexit2.o
       128          0          0          0          0         68   strcmpv7m.o
        12          4          0          0          0         68   sys_exit.o
        74          0          0          0          0         80   sys_stackheap_outer.o
         2          0          0          0          0         68   use_no_semi.o
        98          4          0          0          0         92   d2f.o
       804         16          0          0          0        272   daddsub_clz.o
       156          4          0          0          0         92   dnaninf.o
        12          0          0          0          0         68   dretinf.o
        86          4          0          0          0         84   f2d.o
       140          4          0          0          0         84   fnaninf.o
        10          0          0          0          0         68   fretinf.o
         4          0          0          0          0         68   printf1.o
         0          0          0          0          0          0   usenofp.o
        40          0          0          0          0         68   fpclassify.o

    ----------------------------------------------------------------------
      5830        238        176          0         96       3352   Library Totals
        12          0          0          0          0          0   (incl. Padding)

    ----------------------------------------------------------------------

      Code (inc. data)   RO Data    RW Data    ZI Data      Debug   Library Name

      4468        206        176          0         96       2456   c_w.l
      1310         32          0          0          0        828   fz_ws.l
        40          0          0          0          0         68   m_ws.l

    ----------------------------------------------------------------------
      5830        238        176          0         96       3352   Library Totals

    ----------------------------------------------------------------------

==============================================================================


      Code (inc. data)   RO Data    RW Data    ZI Data      Debug   

     10836        926        444        148      19340     324660   Grand Totals
     10836        926        444        148      19340     324660   ELF Image Totals
     10836        926        444        148          0          0   ROM Totals

==============================================================================

    Total RO  Size (Code + RO Data)                11280 (  11.02kB)
    Total RW  Size (RW Data + ZI Data)             19488 (  19.03kB)
    Total ROM Size (Code + RO Data + RW Data)      11428 (  11.16kB)

==============================================================================

