<html>
<body>
<pre>
<h1>µVision Build Log</h1>
<h2>Tool Versions:</h2>
IDE-Version: µVision V5.24.2.0
Copyright (C) 2017 ARM Ltd and ARM Germany GmbH. All rights reserved.
License Information: Richard Son, Richard Heavy duty company, LIC=----
 
Tool Versions:
Toolchain:       MDK-Lite  Version: 5.24.1
Toolchain Path:  C:\Keil_v5\ARM\ARMCC\Bin
C Compiler:      Armcc.exe V5.06 update 5 (build 528)
Assembler:       Armasm.exe V5.06 update 5 (build 528)
Linker/Locator:  ArmLink.exe V5.06 update 5 (build 528)
Library Manager: ArmAr.exe V5.06 update 5 (build 528)
Hex Converter:   FromElf.exe V5.06 update 5 (build 528)
CPU DLL:         SARMCM3.DLL V5.24.1
Dialog DLL:      DARMSTM.DLL V1.68.0.0
Target DLL:      STLink\ST-LINKIII-KEIL_SWO.dll V3.0.1.0
Dialog DLL:      TARMSTM.DLL V1.66.0.0
 
<h2>Project:</h2>
D:\STM32F1\STANDARD\RTOS\USER\RTOS.uvprojx
Project File Date:  11/27/2018

<h2>Output:</h2>
*** Using Compiler 'V5.06 update 5 (build 528)', folder: 'C:\Keil_v5\ARM\ARMCC\Bin'
Rebuild target 'RTOS'
compiling misc.c...
compiling stm32f10x_it.c...
compiling stm32f10x_gpio.c...
compiling system_stm32f10x.c...
compiling delay.c...
compiling main.c...
main.h(6): warning:  #1-D: last line of file ends without a newline
  #include "task.h"
main.c(271): warning:  #550-D: variable "NVIC_InitStructure"  was set but never used
  	NVIC_InitTypeDef NVIC_InitStructure;
main.c(316): warning:  #1-D: last line of file ends without a newline
  }
main.c: 3 warnings, 0 errors
compiling sys.c...
compiling stm32f10x_bkp.c...
compiling stm32f10x_crc.c...
compiling stm32f10x_cec.c...
compiling stm32f10x_usart.c...
compiling stm32f10x_dbgmcu.c...
compiling stm32f10x_rcc.c...
assembling startup_stm32f10x_md.s...
compiling stm32f10x_tim.c...
compiling core_cm3.c...
compiling tasks.c...
compiling stm32f10x_iwdg.c...
compiling stm32f10x_rtc.c...
compiling stm32f10x_pwr.c...
compiling queue.c...
compiling stm32f10x_spi.c...
compiling stm32f10x_sdio.c...
compiling timers.c...
compiling heap_1.c...
compiling croutine.c...
compiling event_groups.c...
compiling port.c...
compiling list.c...
linking...
Program Size: Code=10836 RO-data=444 RW-data=148 ZI-data=19340  
FromELF: creating hex file...
".\Objects\RTOS.axf" - 0 Error(s), 3 Warning(s).

<h2>Software Packages used:</h2>

Package Vendor: Keil
                http://www.keil.com/pack/Keil.STM32F1xx_DFP.2.3.0.pack
                Keil.STM32F1xx_DFP.2.3.0
                STMicroelectronics STM32F1 Series Device Support, Drivers and Examples

<h2>Collection of Component include folders:</h2>
  .\RTE\_RTOS
  C:\Keil_v5\ARM\PACK\Keil\STM32F1xx_DFP\2.3.0\Device\Include

<h2>Collection of Component Files used:</h2>
Build Time Elapsed:  00:00:02
</pre>
</body>
</html>
